
Allocating common symbols
Common symbol       size              file

kbd_buf             0x6c              build/keyboard.o
thread_ready_list   0x10              build/thread.o
thread_all_list     0x10              build/thread.o
user_pool           0x10              build/memory.o
intr_name           0xc0              build/interrupt.o
main_thread         0x4               build/thread.o
ticks               0x4               build/timer.o
kernel_vaddr        0xc               build/memory.o
idt_table           0xc0              build/interrupt.o
kernel_pool         0x10              build/memory.o

Discarded input sections

 .note.GNU-stack
                0x0000000000000000        0x0 build/main.o
 .note.GNU-stack
                0x0000000000000000        0x0 build/init.o
 .note.GNU-stack
                0x0000000000000000        0x0 build/interrupt.o
 .note.GNU-stack
                0x0000000000000000        0x0 build/timer.o
 .note.GNU-stack
                0x0000000000000000        0x0 build/debug.o
 .note.GNU-stack
                0x0000000000000000        0x0 build/string.o
 .note.GNU-stack
                0x0000000000000000        0x0 build/memory.o
 .note.GNU-stack
                0x0000000000000000        0x0 build/bitmap.o
 .note.GNU-stack
                0x0000000000000000        0x0 build/thread.o
 .note.GNU-stack
                0x0000000000000000        0x0 build/list.o
 .note.GNU-stack
                0x0000000000000000        0x0 build/sync.o
 .note.GNU-stack
                0x0000000000000000        0x0 build/console.o
 .note.GNU-stack
                0x0000000000000000        0x0 build/keyboard.o
 .note.GNU-stack
                0x0000000000000000        0x0 build/ioqueue.o

Memory Configuration

Name             Origin             Length             Attributes
*default*        0x0000000000000000 0xffffffffffffffff

Linker script and memory map

Address of section .text set to 0xc0001500
LOAD build/main.o
LOAD build/init.o
LOAD build/interrupt.o
LOAD build/timer.o
LOAD build/kernel.o
LOAD build/print.o
LOAD build/switch.o
LOAD build/debug.o
LOAD build/string.o
LOAD build/memory.o
LOAD build/bitmap.o
LOAD build/thread.o
LOAD build/list.o
LOAD build/sync.o
LOAD build/console.o
LOAD build/keyboard.o
LOAD build/ioqueue.o
                [!provide]                        PROVIDE (__executable_start = SEGMENT_START ("text-segment", 0x8048000))
                0x0000000008048094                . = (SEGMENT_START ("text-segment", 0x8048000) + SIZEOF_HEADERS)

.interp
 *(.interp)

.note.gnu.build-id
 *(.note.gnu.build-id)

.hash
 *(.hash)

.gnu.hash
 *(.gnu.hash)

.dynsym
 *(.dynsym)

.dynstr
 *(.dynstr)

.gnu.version
 *(.gnu.version)

.gnu.version_d
 *(.gnu.version_d)

.gnu.version_r
 *(.gnu.version_r)

.rel.dyn        0x0000000008048094        0x0
 *(.rel.init)
 *(.rel.text .rel.text.* .rel.gnu.linkonce.t.*)
 .rel.text      0x0000000008048094        0x0 build/main.o
 *(.rel.fini)
 *(.rel.rodata .rel.rodata.* .rel.gnu.linkonce.r.*)
 *(.rel.data.rel.ro .rel.data.rel.ro.* .rel.gnu.linkonce.d.rel.ro.*)
 *(.rel.data .rel.data.* .rel.gnu.linkonce.d.*)
 *(.rel.tdata .rel.tdata.* .rel.gnu.linkonce.td.*)
 *(.rel.tbss .rel.tbss.* .rel.gnu.linkonce.tb.*)
 *(.rel.ctors)
 *(.rel.dtors)
 *(.rel.got)
 .rel.got       0x0000000008048094        0x0 build/main.o
 *(.rel.bss .rel.bss.* .rel.gnu.linkonce.b.*)
 *(.rel.ifunc)

.rel.plt        0x0000000008048094        0x0
 *(.rel.plt)
                [!provide]                        PROVIDE (__rel_iplt_start = .)
 *(.rel.iplt)
 .rel.iplt      0x0000000008048094        0x0 build/main.o
                [!provide]                        PROVIDE (__rel_iplt_end = .)

.init
 *(SORT_NONE(.init))

.plt            0x0000000008048098        0x0
 *(.plt)
 *(.iplt)
 .iplt          0x0000000008048098        0x0 build/main.o

.plt.got
 *(.plt.got)

.plt.sec
 *(.plt.sec)

.text           0x00000000c0001500     0x2b58
 *(.text.unlikely .text.*_unlikely .text.unlikely.*)
 *(.text.exit .text.exit.*)
 *(.text.startup .text.startup.*)
 *(.text.hot .text.hot.*)
 *(.text .stub .text.* .gnu.linkonce.t.*)
 .text          0x00000000c0001500       0x53 build/main.o
                0x00000000c0001500                main
                0x00000000c0001521                k_thread_a
                0x00000000c000153a                k_thread_b
 .text          0x00000000c0001553       0x32 build/init.o
                0x00000000c0001553                init_all
 .text          0x00000000c0001585      0x450 build/interrupt.o
                0x00000000c00018c3                intr_enable
                0x00000000c00018ec                intr_disable
                0x00000000c0001915                intr_set_status
                0x00000000c0001933                intr_get_status
                0x00000000c0001957                register_handler
                0x00000000c0001973                idt_init
 .text          0x00000000c00019d5      0x190 build/timer.o
                0x00000000c0001b05                timer_init
 *fill*         0x00000000c0001b65        0xb 
 .text          0x00000000c0001b70      0x537 build/kernel.o
                0x00000000c0001b70                intr_exit
 *fill*         0x00000000c00020a7        0x9 
 .text          0x00000000c00020b0      0x172 build/print.o
                0x00000000c00020b0                put_str
                0x00000000c00020ce                put_char
                0x00000000c000219b                put_int
                0x00000000c00021fe                set_cursor
 *fill*         0x00000000c0002222        0xe 
 .text          0x00000000c0002230       0x15 build/switch.o
                0x00000000c0002230                switch_to
 .text          0x00000000c0002245       0xa5 build/debug.o
                0x00000000c0002245                panic_spin
 .text          0x00000000c00022ea      0x449 build/string.o
                0x00000000c00022ea                memset
                0x00000000c0002346                memcpy
                0x00000000c00023b2                memcmp
                0x00000000c0002442                strcpy
                0x00000000c00024a4                strlen
                0x00000000c00024fa                strcmp
                0x00000000c0002581                strchr
                0x00000000c00025e6                strrchr
                0x00000000c000264f                strcat
                0x00000000c00026c6                strchrs
 .text          0x00000000c0002733      0x558 build/memory.o
                0x00000000c00027bd                pte_ptr
                0x00000000c00027ed                pde_ptr
                0x00000000c000299e                malloc_page
                0x00000000c0002a68                get_kernel_pages
                0x00000000c0002c56                mem_init
 .text          0x00000000c0002c8b      0x266 build/bitmap.o
                0x00000000c0002c8b                bitmap_init
                0x00000000c0002cb2                bitmap_scan_test
                0x00000000c0002cf2                bitmap_scan
                0x00000000c0002e36                bitmap_set
 .text          0x00000000c0002ef1      0x590 build/thread.o
                0x00000000c0002ef1                running_thread
                0x00000000c0002f1e                thread_create
                0x00000000c0002f94                init_thread
                0x00000000c000302f                thread_start
                0x00000000c00031aa                schedule
                0x00000000c00032d2                thread_block
                0x00000000c0003339                thread_unblock
                0x00000000c0003444                thread_init
 .text          0x00000000c0003481      0x21a build/list.o
                0x00000000c0003481                list_init
                0x00000000c00034ae                list_insert_before
                0x00000000c00034ef                list_push
                0x00000000c000350c                list_append
                0x00000000c0003529                list_remove
                0x00000000c000355f                list_pop
                0x00000000c00035b5                list_empty
                0x00000000c00035ce                list_len
                0x00000000c0003603                list_traversal
                0x00000000c0003660                elem_find
 .text          0x00000000c000369b      0x347 build/sync.o
                0x00000000c000369b                sema_init
                0x00000000c00036c0                lock_init
                0x00000000c00036f1                sema_down
                0x00000000c0003805                sema_up
                0x00000000c00038bb                lock_acquire
                0x00000000c0003937                lock_release
 .text          0x00000000c00039e2       0x9a build/console.o
                0x00000000c00039e2                console_init
                0x00000000c00039f6                console_acquire
                0x00000000c0003a0a                console_release
                0x00000000c0003a1e                console_put_str
                0x00000000c0003a3b                console_put_char
                0x00000000c0003a5f                console_put_int
 .text          0x00000000c0003a7c      0x2ed build/keyboard.o
                0x00000000c0003d29                keyboard_init
 .text          0x00000000c0003d69      0x2ef build/ioqueue.o
                0x00000000c0003d69                ioqueue_init
                0x00000000c0003dc4                ioq_full
                0x00000000c0003efc                ioq_getchar
                0x00000000c0003fa9                ioq_putchar
 *(.gnu.warning)

.fini
 *(SORT_NONE(.fini))
                [!provide]                        PROVIDE (__etext = .)
                [!provide]                        PROVIDE (_etext = .)
                [!provide]                        PROVIDE (etext = .)

.rodata         0x00000000c0004058      0xae5
 *(.rodata .rodata.* .gnu.linkonce.r.*)
 .rodata        0x00000000c0004058        0xd build/main.o
 .rodata        0x00000000c0004065        0xa build/init.o
 *fill*         0x00000000c000406f        0x1 
 .rodata        0x00000000c0004070      0x2cd build/interrupt.o
 *fill*         0x00000000c000433d        0x3 
 .rodata        0x00000000c0004340       0x6b build/timer.o
 .rodata        0x00000000c00043ab       0x3f build/debug.o
 .rodata        0x00000000c00043ea       0xb9 build/string.o
 *fill*         0x00000000c00044a3        0x1 
 .rodata        0x00000000c00044a4      0x12d build/memory.o
 *fill*         0x00000000c00045d1        0x3 
 .rodata        0x00000000c00045d4       0x68 build/bitmap.o
 .rodata        0x00000000c000463c      0x2be build/thread.o
 *fill*         0x00000000c00048fa        0x2 
 .rodata        0x00000000c00048fc       0x3c build/list.o
 .rodata        0x00000000c0004938      0x12f build/sync.o
 .rodata        0x00000000c0004a67       0x36 build/keyboard.o
 *fill*         0x00000000c0004a9d        0x3 
 .rodata        0x00000000c0004aa0       0x9d build/ioqueue.o

.rodata1
 *(.rodata1)

.eh_frame_hdr
 *(.eh_frame_hdr)
 *(.eh_frame_entry .eh_frame_entry.*)

.eh_frame       0x00000000c0004b40      0xb10
 *(.eh_frame)
 .eh_frame      0x00000000c0004b40       0x6c build/main.o
 .eh_frame      0x00000000c0004bac       0x20 build/init.o
                                         0x38 (size before relaxing)
 .eh_frame      0x00000000c0004bcc      0x188 build/interrupt.o
                                        0x1a0 (size before relaxing)
 .eh_frame      0x00000000c0004d54       0x8c build/timer.o
                                         0xa4 (size before relaxing)
 .eh_frame      0x00000000c0004de0       0x1c build/debug.o
                                         0x34 (size before relaxing)
 .eh_frame      0x00000000c0004dfc      0x140 build/string.o
                                        0x158 (size before relaxing)
 .eh_frame      0x00000000c0004f3c      0x120 build/memory.o
                                        0x138 (size before relaxing)
 .eh_frame      0x00000000c000505c       0x8c build/bitmap.o
                                         0xa4 (size before relaxing)
 .eh_frame      0x00000000c00050e8      0x140 build/thread.o
                                        0x158 (size before relaxing)
 .eh_frame      0x00000000c0005228      0x140 build/list.o
                                        0x158 (size before relaxing)
 .eh_frame      0x00000000c0005368       0xc8 build/sync.o
                                         0xe0 (size before relaxing)
 .eh_frame      0x00000000c0005430       0xc0 build/console.o
                                         0xd8 (size before relaxing)
 .eh_frame      0x00000000c00054f0       0x60 build/keyboard.o
                                         0x78 (size before relaxing)
 .eh_frame      0x00000000c0005550      0x100 build/ioqueue.o
                                        0x118 (size before relaxing)
 *(.eh_frame.*)

.gcc_except_table
 *(.gcc_except_table .gcc_except_table.*)

.gnu_extab
 *(.gnu_extab*)

.exception_ranges
 *(.exception_ranges .exception_ranges*)
                0x00000000c0007000                . = DATA_SEGMENT_ALIGN (CONSTANT (MAXPAGESIZE), CONSTANT (COMMONPAGESIZE))

.eh_frame
 *(.eh_frame)
 *(.eh_frame.*)

.gnu_extab
 *(.gnu_extab)

.gcc_except_table
 *(.gcc_except_table .gcc_except_table.*)

.exception_ranges
 *(.exception_ranges .exception_ranges*)

.tdata
 *(.tdata .tdata.* .gnu.linkonce.td.*)

.tbss
 *(.tbss .tbss.* .gnu.linkonce.tb.*)
 *(.tcommon)

.preinit_array  0x00000000c0007000        0x0
                [!provide]                        PROVIDE (__preinit_array_start = .)
 *(.preinit_array)
                [!provide]                        PROVIDE (__preinit_array_end = .)

.init_array     0x00000000c0007000        0x0
                [!provide]                        PROVIDE (__init_array_start = .)
 *(SORT_BY_INIT_PRIORITY(.init_array.*) SORT_BY_INIT_PRIORITY(.ctors.*))
 *(.init_array EXCLUDE_FILE(*crtend?.o *crtend.o *crtbegin?.o *crtbegin.o) .ctors)
                [!provide]                        PROVIDE (__init_array_end = .)

.fini_array     0x00000000c0007000        0x0
                [!provide]                        PROVIDE (__fini_array_start = .)
 *(SORT_BY_INIT_PRIORITY(.fini_array.*) SORT_BY_INIT_PRIORITY(.dtors.*))
 *(.fini_array EXCLUDE_FILE(*crtend?.o *crtend.o *crtbegin?.o *crtbegin.o) .dtors)
                [!provide]                        PROVIDE (__fini_array_end = .)

.ctors
 *crtbegin.o(.ctors)
 *crtbegin?.o(.ctors)
 *(EXCLUDE_FILE(*crtend?.o *crtend.o) .ctors)
 *(SORT_BY_NAME(.ctors.*))
 *(.ctors)

.dtors
 *crtbegin.o(.dtors)
 *crtbegin?.o(.dtors)
 *(EXCLUDE_FILE(*crtend?.o *crtend.o) .dtors)
 *(SORT_BY_NAME(.dtors.*))
 *(.dtors)

.jcr
 *(.jcr)

.data.rel.ro
 *(.data.rel.ro.local* .gnu.linkonce.d.rel.ro.local.*)
 *(.data.rel.ro .data.rel.ro.* .gnu.linkonce.d.rel.ro.*)

.dynamic
 *(.dynamic)

.got            0x00000000c0007000        0x0
 *(.got)
 .got           0x00000000c0007000        0x0 build/main.o
 *(.igot)
                0x00000000c0007000                . = DATA_SEGMENT_RELRO_END (., (SIZEOF (.got.plt) >= 0xc)?0xc:0x0)

.got.plt        0x00000000c0007000        0x0
 *(.got.plt)
 .got.plt       0x00000000c0007000        0x0 build/main.o
 *(.igot.plt)
 .igot.plt      0x00000000c0007000        0x0 build/main.o

.data           0x00000000c0007000      0x156
 *(.data .data.* .gnu.linkonce.d.*)
 .data          0x00000000c0007000        0x0 build/main.o
 .data          0x00000000c0007000        0x0 build/init.o
 .data          0x00000000c0007000        0x0 build/interrupt.o
 .data          0x00000000c0007000        0x0 build/timer.o
 .data          0x00000000c0007000       0xc0 build/kernel.o
                0x00000000c0007000                intr_entry_table
 .data          0x00000000c00070c0        0x8 build/print.o
 .data          0x00000000c00070c8        0x0 build/debug.o
 .data          0x00000000c00070c8        0x0 build/string.o
 .data          0x00000000c00070c8        0x0 build/memory.o
 .data          0x00000000c00070c8        0x0 build/bitmap.o
 .data          0x00000000c00070c8        0x0 build/thread.o
 .data          0x00000000c00070c8        0x0 build/list.o
 .data          0x00000000c00070c8        0x0 build/sync.o
 .data          0x00000000c00070c8        0x0 build/console.o
 *fill*         0x00000000c00070c8       0x18 
 .data          0x00000000c00070e0       0x76 build/keyboard.o
 .data          0x00000000c0007156        0x0 build/ioqueue.o

.data1
 *(.data1)
                0x00000000c0007156                _edata = .
                [!provide]                        PROVIDE (edata = .)
                0x00000000c0007156                . = .
                0x00000000c0007156                __bss_start = .

.bss            0x00000000c0007160      0x40c
 *(.dynbss)
 *(.bss .bss.* .gnu.linkonce.b.*)
 .bss           0x00000000c0007160        0x0 build/main.o
 .bss           0x00000000c0007160        0x0 build/init.o
 .bss           0x00000000c0007160      0x180 build/interrupt.o
 .bss           0x00000000c00072e0        0x0 build/timer.o
 .bss           0x00000000c00072e0        0x0 build/debug.o
 .bss           0x00000000c00072e0        0x0 build/string.o
 .bss           0x00000000c00072e0        0x0 build/memory.o
 .bss           0x00000000c00072e0        0x0 build/bitmap.o
 .bss           0x00000000c00072e0        0x4 build/thread.o
 .bss           0x00000000c00072e4        0x0 build/list.o
 .bss           0x00000000c00072e4        0x0 build/sync.o
 .bss           0x00000000c00072e4       0x1c build/console.o
 .bss           0x00000000c0007300       0x14 build/keyboard.o
 .bss           0x00000000c0007314        0x0 build/ioqueue.o
 *(COMMON)
 *fill*         0x00000000c0007314        0xc 
 COMMON         0x00000000c0007320      0x180 build/interrupt.o
                0x00000000c0007320                intr_name
                0x00000000c00073e0                idt_table
 COMMON         0x00000000c00074a0        0x4 build/timer.o
                0x00000000c00074a0                ticks
 COMMON         0x00000000c00074a4       0x2c build/memory.o
                0x00000000c00074a4                user_pool
                0x00000000c00074b4                kernel_vaddr
                0x00000000c00074c0                kernel_pool
 COMMON         0x00000000c00074d0       0x24 build/thread.o
                0x00000000c00074d0                thread_ready_list
                0x00000000c00074e0                thread_all_list
                0x00000000c00074f0                main_thread
 *fill*         0x00000000c00074f4        0xc 
 COMMON         0x00000000c0007500       0x6c build/keyboard.o
                0x00000000c0007500                kbd_buf
                0x00000000c000756c                . = ALIGN ((. != 0x0)?0x4:0x1)
                0x00000000c000756c                . = ALIGN (0x4)
                0x00000000c000756c                . = SEGMENT_START ("ldata-segment", .)
                0x00000000c000756c                . = ALIGN (0x4)
                0x00000000c000756c                _end = .
                [!provide]                        PROVIDE (end = .)
                0x00000000c000756c                . = DATA_SEGMENT_END (.)

.stab
 *(.stab)

.stabstr
 *(.stabstr)

.stab.excl
 *(.stab.excl)

.stab.exclstr
 *(.stab.exclstr)

.stab.index
 *(.stab.index)

.stab.indexstr
 *(.stab.indexstr)

.comment        0x0000000000000000       0x23
 *(.comment)
 .comment       0x0000000000000000       0x23 build/main.o
                                         0x24 (size before relaxing)
 .comment       0x0000000000000023       0x24 build/init.o
 .comment       0x0000000000000023       0x24 build/interrupt.o
 .comment       0x0000000000000023       0x24 build/timer.o
 .comment       0x0000000000000023       0x24 build/debug.o
 .comment       0x0000000000000023       0x24 build/string.o
 .comment       0x0000000000000023       0x24 build/memory.o
 .comment       0x0000000000000023       0x24 build/bitmap.o
 .comment       0x0000000000000023       0x24 build/thread.o
 .comment       0x0000000000000023       0x24 build/list.o
 .comment       0x0000000000000023       0x24 build/sync.o
 .comment       0x0000000000000023       0x24 build/console.o
 .comment       0x0000000000000023       0x24 build/keyboard.o
 .comment       0x0000000000000023       0x24 build/ioqueue.o

.debug
 *(.debug)

.line
 *(.line)

.debug_srcinfo
 *(.debug_srcinfo)

.debug_sfnames
 *(.debug_sfnames)

.debug_aranges
 *(.debug_aranges)

.debug_pubnames
 *(.debug_pubnames)

.debug_info
 *(.debug_info .gnu.linkonce.wi.*)

.debug_abbrev
 *(.debug_abbrev)

.debug_line
 *(.debug_line .debug_line.* .debug_line_end)

.debug_frame
 *(.debug_frame)

.debug_str
 *(.debug_str)

.debug_loc
 *(.debug_loc)

.debug_macinfo
 *(.debug_macinfo)

.debug_weaknames
 *(.debug_weaknames)

.debug_funcnames
 *(.debug_funcnames)

.debug_typenames
 *(.debug_typenames)

.debug_varnames
 *(.debug_varnames)

.debug_pubtypes
 *(.debug_pubtypes)

.debug_ranges
 *(.debug_ranges)

.debug_macro
 *(.debug_macro)

.debug_addr
 *(.debug_addr)

.gnu.attributes
 *(.gnu.attributes)

/DISCARD/
 *(.note.GNU-stack)
 *(.gnu_debuglink)
 *(.gnu.lto_*)
OUTPUT(build/kernel.bin elf32-i386)
