
Allocating common symbols
Common symbol       size              file

kbd_buf             0x6c              build/keyboard.o
thread_ready_list   0x10              build/thread.o
thread_all_list     0x10              build/thread.o
user_pool           0x2c              build/memory.o
k_block_descs       0xa8              build/memory.o
intr_name           0x204             build/interrupt.o
main_thread         0x4               build/thread.o
ticks               0x4               build/timer.o
kernel_vaddr        0xc               build/memory.o
syscall_table       0x80              build/syscall-init.o
idt_table           0x204             build/interrupt.o
kernel_pool         0x2c              build/memory.o
pid_lock            0x1c              build/thread.o

Discarded input sections

 .note.GNU-stack
                0x0000000000000000        0x0 build/main.o
 .note.GNU-stack
                0x0000000000000000        0x0 build/init.o
 .note.GNU-stack
                0x0000000000000000        0x0 build/interrupt.o
 .note.GNU-stack
                0x0000000000000000        0x0 build/timer.o
 .note.GNU-stack
                0x0000000000000000        0x0 build/debug.o
 .note.GNU-stack
                0x0000000000000000        0x0 build/string.o
 .note.GNU-stack
                0x0000000000000000        0x0 build/memory.o
 .note.GNU-stack
                0x0000000000000000        0x0 build/bitmap.o
 .note.GNU-stack
                0x0000000000000000        0x0 build/thread.o
 .note.GNU-stack
                0x0000000000000000        0x0 build/list.o
 .note.GNU-stack
                0x0000000000000000        0x0 build/sync.o
 .note.GNU-stack
                0x0000000000000000        0x0 build/console.o
 .note.GNU-stack
                0x0000000000000000        0x0 build/keyboard.o
 .note.GNU-stack
                0x0000000000000000        0x0 build/ioqueue.o
 .note.GNU-stack
                0x0000000000000000        0x0 build/tss.o
 .note.GNU-stack
                0x0000000000000000        0x0 build/process.o
 .note.GNU-stack
                0x0000000000000000        0x0 build/syscall-init.o
 .note.GNU-stack
                0x0000000000000000        0x0 build/syscall.o
 .note.GNU-stack
                0x0000000000000000        0x0 build/stdio.o

Memory Configuration

Name             Origin             Length             Attributes
*default*        0x0000000000000000 0xffffffffffffffff

Linker script and memory map

Address of section .text set to 0xc0001500
LOAD build/main.o
LOAD build/init.o
LOAD build/interrupt.o
LOAD build/timer.o
LOAD build/kernel.o
LOAD build/print.o
LOAD build/switch.o
LOAD build/debug.o
LOAD build/string.o
LOAD build/memory.o
LOAD build/bitmap.o
LOAD build/thread.o
LOAD build/list.o
LOAD build/sync.o
LOAD build/console.o
LOAD build/keyboard.o
LOAD build/ioqueue.o
LOAD build/tss.o
LOAD build/process.o
LOAD build/syscall-init.o
LOAD build/syscall.o
LOAD build/stdio.o
                [!provide]                        PROVIDE (__executable_start = SEGMENT_START ("text-segment", 0x8048000))
                0x0000000008048094                . = (SEGMENT_START ("text-segment", 0x8048000) + SIZEOF_HEADERS)

.interp
 *(.interp)

.note.gnu.build-id
 *(.note.gnu.build-id)

.hash
 *(.hash)

.gnu.hash
 *(.gnu.hash)

.dynsym
 *(.dynsym)

.dynstr
 *(.dynstr)

.gnu.version
 *(.gnu.version)

.gnu.version_d
 *(.gnu.version_d)

.gnu.version_r
 *(.gnu.version_r)

.rel.dyn        0x0000000008048094        0x0
 *(.rel.init)
 *(.rel.text .rel.text.* .rel.gnu.linkonce.t.*)
 .rel.text      0x0000000008048094        0x0 build/main.o
 *(.rel.fini)
 *(.rel.rodata .rel.rodata.* .rel.gnu.linkonce.r.*)
 *(.rel.data.rel.ro .rel.data.rel.ro.* .rel.gnu.linkonce.d.rel.ro.*)
 *(.rel.data .rel.data.* .rel.gnu.linkonce.d.*)
 *(.rel.tdata .rel.tdata.* .rel.gnu.linkonce.td.*)
 *(.rel.tbss .rel.tbss.* .rel.gnu.linkonce.tb.*)
 *(.rel.ctors)
 *(.rel.dtors)
 *(.rel.got)
 .rel.got       0x0000000008048094        0x0 build/main.o
 *(.rel.bss .rel.bss.* .rel.gnu.linkonce.b.*)
 *(.rel.ifunc)

.rel.plt        0x0000000008048094        0x0
 *(.rel.plt)
                [!provide]                        PROVIDE (__rel_iplt_start = .)
 *(.rel.iplt)
 .rel.iplt      0x0000000008048094        0x0 build/main.o
                [!provide]                        PROVIDE (__rel_iplt_end = .)

.init
 *(SORT_NONE(.init))

.plt            0x0000000008048098        0x0
 *(.plt)
 *(.iplt)
 .iplt          0x0000000008048098        0x0 build/main.o

.plt.got
 *(.plt.got)

.plt.sec
 *(.plt.sec)

.text           0x00000000c0001500     0x4355
 *(.text.unlikely .text.*_unlikely .text.unlikely.*)
 *(.text.exit .text.exit.*)
 *(.text.startup .text.startup.*)
 *(.text.hot .text.hot.*)
 *(.text .stub .text.* .gnu.linkonce.t.*)
 .text          0x00000000c0001500      0x321 build/main.o
                0x00000000c0001500                main
                0x00000000c0001591                k_thread_a
                0x00000000c000164d                k_thread_b
                0x00000000c0001709                u_prog_a
                0x00000000c0001795                u_prog_b
 .text          0x00000000c0001821       0x3c build/init.o
                0x00000000c0001821                init_all
 .text          0x00000000c000185d      0x480 build/interrupt.o
                0x00000000c0001bcb                intr_enable
                0x00000000c0001bf4                intr_disable
                0x00000000c0001c1d                intr_set_status
                0x00000000c0001c3b                intr_get_status
                0x00000000c0001c5f                register_handler
                0x00000000c0001c7b                idt_init
 .text          0x00000000c0001cdd      0x193 build/timer.o
                0x00000000c0001e10                timer_init
 .text          0x00000000c0001e70      0x55b build/kernel.o
                0x00000000c0001e70                intr_exit
                0x00000000c00023a7                syscall_handler
 *fill*         0x00000000c00023cb        0x5 
 .text          0x00000000c00023d0      0x172 build/print.o
                0x00000000c00023d0                put_str
                0x00000000c00023ee                put_char
                0x00000000c00024bb                put_int
                0x00000000c000251e                set_cursor
 *fill*         0x00000000c0002542        0xe 
 .text          0x00000000c0002550       0x15 build/switch.o
                0x00000000c0002550                switch_to
 .text          0x00000000c0002565       0xa5 build/debug.o
                0x00000000c0002565                panic_spin
 .text          0x00000000c000260a      0x449 build/string.o
                0x00000000c000260a                memset
                0x00000000c0002666                memcpy
                0x00000000c00026d2                memcmp
                0x00000000c0002762                strcpy
                0x00000000c00027c4                strlen
                0x00000000c000281a                strcmp
                0x00000000c00028a1                strchr
                0x00000000c0002906                strrchr
                0x00000000c000296f                strcat
                0x00000000c00029e6                strchrs
 .text          0x00000000c0002a53     0x113c build/memory.o
                0x00000000c0002b83                pte_ptr
                0x00000000c0002bb3                pde_ptr
                0x00000000c0002d53                malloc_page
                0x00000000c0002e1d                get_kernel_pages
                0x00000000c0002e79                get_user_pages
                0x00000000c0002ed5                get_a_page
                0x00000000c000305b                addr_v2p
                0x00000000c00030ae                sys_malloc
                0x00000000c00033dd                pfree
                0x00000000c0003520                mfree_page
                0x00000000c00036fd                sys_free
                0x00000000c0003ac0                block_desc_init
                0x00000000c0003b4e                mem_init
 .text          0x00000000c0003b8f      0x266 build/bitmap.o
                0x00000000c0003b8f                bitmap_init
                0x00000000c0003bb6                bitmap_scan_test
                0x00000000c0003bf6                bitmap_scan
                0x00000000c0003d3a                bitmap_set
 .text          0x00000000c0003df5      0x5ed build/thread.o
                0x00000000c0003df5                running_thread
                0x00000000c0003e59                thread_create
                0x00000000c0003ecf                init_thread
                0x00000000c0003f79                thread_start
                0x00000000c00040f4                schedule
                0x00000000c0004227                thread_block
                0x00000000c000428e                thread_unblock
                0x00000000c0004399                thread_init
 .text          0x00000000c00043e2      0x21a build/list.o
                0x00000000c00043e2                list_init
                0x00000000c000440f                list_insert_before
                0x00000000c0004450                list_push
                0x00000000c000446d                list_append
                0x00000000c000448a                list_remove
                0x00000000c00044c0                list_pop
                0x00000000c0004516                list_empty
                0x00000000c000452f                list_len
                0x00000000c0004564                list_traversal
                0x00000000c00045c1                elem_find
 .text          0x00000000c00045fc      0x347 build/sync.o
                0x00000000c00045fc                sema_init
                0x00000000c0004621                lock_init
                0x00000000c0004652                sema_down
                0x00000000c0004766                sema_up
                0x00000000c000481c                lock_acquire
                0x00000000c0004898                lock_release
 .text          0x00000000c0004943       0x9a build/console.o
                0x00000000c0004943                console_init
                0x00000000c0004957                console_acquire
                0x00000000c000496b                console_release
                0x00000000c000497f                console_put_str
                0x00000000c000499c                console_put_char
                0x00000000c00049c0                console_put_int
 .text          0x00000000c00049dd      0x2ed build/keyboard.o
                0x00000000c0004c8a                keyboard_init
 .text          0x00000000c0004cca      0x2ef build/ioqueue.o
                0x00000000c0004cca                ioqueue_init
                0x00000000c0004d25                ioq_full
                0x00000000c0004e5d                ioq_getchar
                0x00000000c0004f0a                ioq_putchar
 .text          0x00000000c0004fb9      0x1af build/tss.o
                0x00000000c0004fb9                update_tss_esp
                0x00000000c000503a                tss_init
 .text          0x00000000c0005168      0x365 build/process.o
                0x00000000c0005168                start_process
                0x00000000c000526e                page_dir_activate
                0x00000000c000529e                process_activate
                0x00000000c00052f0                create_page_dir
                0x00000000c0005361                create_user_vaddr_bitmap
                0x00000000c00053a3                process_execute
 .text          0x00000000c00054cd       0x78 build/syscall-init.o
                0x00000000c00054cd                sys_getpid
                0x00000000c00054df                sys_write
                0x00000000c00054fd                syscall_init
 .text          0x00000000c0005545       0x6f build/syscall.o
                0x00000000c0005545                getpid
                0x00000000c000555a                write
                0x00000000c0005579                malloc
                0x00000000c0005598                free
 .text          0x00000000c00055b4      0x2a1 build/stdio.o
                0x00000000c000563b                vsprintf
                0x00000000c00057bf                sprintf
                0x00000000c00057f3                printf
 *(.gnu.warning)

.fini
 *(SORT_NONE(.fini))
                [!provide]                        PROVIDE (__etext = .)
                [!provide]                        PROVIDE (_etext = .)
                [!provide]                        PROVIDE (etext = .)

.rodata         0x00000000c0005858      0xf58
 *(.rodata .rodata.* .gnu.linkonce.r.*)
 .rodata        0x00000000c0005858       0xcc build/main.o
 .rodata        0x00000000c0005924        0xa build/init.o
 *fill*         0x00000000c000592e        0x2 
 .rodata        0x00000000c0005930      0x2cd build/interrupt.o
 *fill*         0x00000000c0005bfd        0x3 
 .rodata        0x00000000c0005c00       0x6b build/timer.o
 .rodata        0x00000000c0005c6b       0x3f build/debug.o
 .rodata        0x00000000c0005caa       0xb9 build/string.o
 *fill*         0x00000000c0005d63        0x1 
 .rodata        0x00000000c0005d64      0x3b5 build/memory.o
 *fill*         0x00000000c0006119        0x3 
 .rodata        0x00000000c000611c       0x68 build/bitmap.o
 .rodata        0x00000000c0006184      0x2be build/thread.o
 *fill*         0x00000000c0006442        0x2 
 .rodata        0x00000000c0006444       0x3c build/list.o
 .rodata        0x00000000c0006480      0x12f build/sync.o
 .rodata        0x00000000c00065af       0x36 build/keyboard.o
 *fill*         0x00000000c00065e5        0x3 
 .rodata        0x00000000c00065e8       0x9d build/ioqueue.o
 .rodata        0x00000000c0006685       0x27 build/tss.o
 .rodata        0x00000000c00066ac       0xdd build/process.o
 .rodata        0x00000000c0006789       0x27 build/syscall-init.o

.rodata1
 *(.rodata1)

.eh_frame_hdr
 *(.eh_frame_hdr)
 *(.eh_frame_entry .eh_frame_entry.*)

.eh_frame       0x00000000c00067b0      0xf8c
 *(.eh_frame)
 .eh_frame      0x00000000c00067b0       0xa4 build/main.o
 .eh_frame      0x00000000c0006854       0x20 build/init.o
                                         0x38 (size before relaxing)
 .eh_frame      0x00000000c0006874      0x188 build/interrupt.o
                                        0x1a0 (size before relaxing)
 .eh_frame      0x00000000c00069fc       0x8c build/timer.o
                                         0xa4 (size before relaxing)
 .eh_frame      0x00000000c0006a88       0x1c build/debug.o
                                         0x34 (size before relaxing)
 .eh_frame      0x00000000c0006aa4      0x140 build/string.o
                                        0x158 (size before relaxing)
 .eh_frame      0x00000000c0006be4      0x2a0 build/memory.o
                                        0x2b8 (size before relaxing)
 .eh_frame      0x00000000c0006e84       0x8c build/bitmap.o
                                         0xa4 (size before relaxing)
 .eh_frame      0x00000000c0006f10      0x160 build/thread.o
                                        0x178 (size before relaxing)
 .eh_frame      0x00000000c0007070      0x140 build/list.o
                                        0x158 (size before relaxing)
 .eh_frame      0x00000000c00071b0       0xc8 build/sync.o
                                         0xe0 (size before relaxing)
 .eh_frame      0x00000000c0007278       0xc0 build/console.o
                                         0xd8 (size before relaxing)
 .eh_frame      0x00000000c0007338       0x60 build/keyboard.o
                                         0x78 (size before relaxing)
 .eh_frame      0x00000000c0007398      0x100 build/ioqueue.o
                                        0x118 (size before relaxing)
 .eh_frame      0x00000000c0007498       0x64 build/tss.o
                                         0x7c (size before relaxing)
 .eh_frame      0x00000000c00074fc       0xc0 build/process.o
                                         0xd8 (size before relaxing)
 .eh_frame      0x00000000c00075bc       0x60 build/syscall-init.o
                                         0x78 (size before relaxing)
 .eh_frame      0x00000000c000761c       0x8c build/syscall.o
                                         0xa4 (size before relaxing)
 .eh_frame      0x00000000c00076a8       0x94 build/stdio.o
                                         0xac (size before relaxing)
 *(.eh_frame.*)

.gcc_except_table
 *(.gcc_except_table .gcc_except_table.*)

.gnu_extab
 *(.gnu_extab*)

.exception_ranges
 *(.exception_ranges .exception_ranges*)
                0x00000000c0009000                . = DATA_SEGMENT_ALIGN (CONSTANT (MAXPAGESIZE), CONSTANT (COMMONPAGESIZE))

.eh_frame
 *(.eh_frame)
 *(.eh_frame.*)

.gnu_extab
 *(.gnu_extab)

.gcc_except_table
 *(.gcc_except_table .gcc_except_table.*)

.exception_ranges
 *(.exception_ranges .exception_ranges*)

.tdata
 *(.tdata .tdata.* .gnu.linkonce.td.*)

.tbss
 *(.tbss .tbss.* .gnu.linkonce.tb.*)
 *(.tcommon)

.preinit_array  0x00000000c0009000        0x0
                [!provide]                        PROVIDE (__preinit_array_start = .)
 *(.preinit_array)
                [!provide]                        PROVIDE (__preinit_array_end = .)

.init_array     0x00000000c0009000        0x0
                [!provide]                        PROVIDE (__init_array_start = .)
 *(SORT_BY_INIT_PRIORITY(.init_array.*) SORT_BY_INIT_PRIORITY(.ctors.*))
 *(.init_array EXCLUDE_FILE(*crtend?.o *crtend.o *crtbegin?.o *crtbegin.o) .ctors)
                [!provide]                        PROVIDE (__init_array_end = .)

.fini_array     0x00000000c0009000        0x0
                [!provide]                        PROVIDE (__fini_array_start = .)
 *(SORT_BY_INIT_PRIORITY(.fini_array.*) SORT_BY_INIT_PRIORITY(.dtors.*))
 *(.fini_array EXCLUDE_FILE(*crtend?.o *crtend.o *crtbegin?.o *crtbegin.o) .dtors)
                [!provide]                        PROVIDE (__fini_array_end = .)

.ctors
 *crtbegin.o(.ctors)
 *crtbegin?.o(.ctors)
 *(EXCLUDE_FILE(*crtend?.o *crtend.o) .ctors)
 *(SORT_BY_NAME(.ctors.*))
 *(.ctors)

.dtors
 *crtbegin.o(.dtors)
 *crtbegin?.o(.dtors)
 *(EXCLUDE_FILE(*crtend?.o *crtend.o) .dtors)
 *(SORT_BY_NAME(.dtors.*))
 *(.dtors)

.jcr
 *(.jcr)

.data.rel.ro
 *(.data.rel.ro.local* .gnu.linkonce.d.rel.ro.local.*)
 *(.data.rel.ro .data.rel.ro.* .gnu.linkonce.d.rel.ro.*)

.dynamic
 *(.dynamic)

.got            0x00000000c0009000        0x0
 *(.got)
 .got           0x00000000c0009000        0x0 build/main.o
 *(.igot)
                0x00000000c0009000                . = DATA_SEGMENT_RELRO_END (., (SIZEOF (.got.plt) >= 0xc)?0xc:0x0)

.got.plt        0x00000000c0009000        0x0
 *(.got.plt)
 .got.plt       0x00000000c0009000        0x0 build/main.o
 *(.igot.plt)
 .igot.plt      0x00000000c0009000        0x0 build/main.o

.data           0x00000000c0009000      0x156
 *(.data .data.* .gnu.linkonce.d.*)
 .data          0x00000000c0009000        0x0 build/main.o
 .data          0x00000000c0009000        0x0 build/init.o
 .data          0x00000000c0009000        0x0 build/interrupt.o
 .data          0x00000000c0009000        0x0 build/timer.o
 .data          0x00000000c0009000       0xc0 build/kernel.o
                0x00000000c0009000                intr_entry_table
 .data          0x00000000c00090c0        0x8 build/print.o
 .data          0x00000000c00090c8        0x0 build/debug.o
 .data          0x00000000c00090c8        0x0 build/string.o
 .data          0x00000000c00090c8        0x0 build/memory.o
 .data          0x00000000c00090c8        0x0 build/bitmap.o
 .data          0x00000000c00090c8        0x0 build/thread.o
 .data          0x00000000c00090c8        0x0 build/list.o
 .data          0x00000000c00090c8        0x0 build/sync.o
 .data          0x00000000c00090c8        0x0 build/console.o
 *fill*         0x00000000c00090c8       0x18 
 .data          0x00000000c00090e0       0x76 build/keyboard.o
 .data          0x00000000c0009156        0x0 build/ioqueue.o
 .data          0x00000000c0009156        0x0 build/tss.o
 .data          0x00000000c0009156        0x0 build/process.o
 .data          0x00000000c0009156        0x0 build/syscall-init.o
 .data          0x00000000c0009156        0x0 build/syscall.o
 .data          0x00000000c0009156        0x0 build/stdio.o

.data1
 *(.data1)
                0x00000000c0009156                _edata = .
                [!provide]                        PROVIDE (edata = .)
                0x00000000c0009156                . = .
                0x00000000c0009156                __bss_start = .

.bss            0x00000000c0009160      0xb80
 *(.dynbss)
 *(.bss .bss.* .gnu.linkonce.b.*)
 .bss           0x00000000c0009160        0x0 build/main.o
 .bss           0x00000000c0009160        0x0 build/init.o
 .bss           0x00000000c0009160      0x408 build/interrupt.o
 .bss           0x00000000c0009568        0x0 build/timer.o
 .bss           0x00000000c0009568        0x0 build/debug.o
 .bss           0x00000000c0009568        0x0 build/string.o
 .bss           0x00000000c0009568        0x0 build/memory.o
 .bss           0x00000000c0009568        0x0 build/bitmap.o
 .bss           0x00000000c0009568        0x6 build/thread.o
 .bss           0x00000000c000956e        0x0 build/list.o
 .bss           0x00000000c000956e        0x0 build/sync.o
 *fill*         0x00000000c000956e        0x2 
 .bss           0x00000000c0009570       0x1c build/console.o
 .bss           0x00000000c000958c       0x14 build/keyboard.o
 .bss           0x00000000c00095a0        0x0 build/ioqueue.o
 .bss           0x00000000c00095a0       0x6c build/tss.o
 .bss           0x00000000c000960c        0x0 build/process.o
 .bss           0x00000000c000960c        0x0 build/syscall-init.o
 .bss           0x00000000c000960c        0x0 build/syscall.o
 .bss           0x00000000c000960c        0x0 build/stdio.o
 *(COMMON)
 *fill*         0x00000000c000960c       0x14 
 COMMON         0x00000000c0009620      0x424 build/interrupt.o
                0x00000000c0009620                intr_name
                0x00000000c0009840                idt_table
 COMMON         0x00000000c0009a44        0x4 build/timer.o
                0x00000000c0009a44                ticks
 *fill*         0x00000000c0009a48       0x18 
 COMMON         0x00000000c0009a60      0x12c build/memory.o
                0x00000000c0009a60                user_pool
                0x00000000c0009aa0                k_block_descs
                0x00000000c0009b48                kernel_vaddr
                0x00000000c0009b60                kernel_pool
 COMMON         0x00000000c0009b8c       0x40 build/thread.o
                0x00000000c0009b8c                thread_ready_list
                0x00000000c0009b9c                thread_all_list
                0x00000000c0009bac                main_thread
                0x00000000c0009bb0                pid_lock
 *fill*         0x00000000c0009bcc       0x14 
 COMMON         0x00000000c0009be0       0x6c build/keyboard.o
                0x00000000c0009be0                kbd_buf
 *fill*         0x00000000c0009c4c       0x14 
 COMMON         0x00000000c0009c60       0x80 build/syscall-init.o
                0x00000000c0009c60                syscall_table
                0x00000000c0009ce0                . = ALIGN ((. != 0x0)?0x4:0x1)
                0x00000000c0009ce0                . = ALIGN (0x4)
                0x00000000c0009ce0                . = SEGMENT_START ("ldata-segment", .)
                0x00000000c0009ce0                . = ALIGN (0x4)
                0x00000000c0009ce0                _end = .
                [!provide]                        PROVIDE (end = .)
                0x00000000c0009ce0                . = DATA_SEGMENT_END (.)

.stab
 *(.stab)

.stabstr
 *(.stabstr)

.stab.excl
 *(.stab.excl)

.stab.exclstr
 *(.stab.exclstr)

.stab.index
 *(.stab.index)

.stab.indexstr
 *(.stab.indexstr)

.comment        0x0000000000000000       0x23
 *(.comment)
 .comment       0x0000000000000000       0x23 build/main.o
                                         0x24 (size before relaxing)
 .comment       0x0000000000000023       0x24 build/init.o
 .comment       0x0000000000000023       0x24 build/interrupt.o
 .comment       0x0000000000000023       0x24 build/timer.o
 .comment       0x0000000000000023       0x24 build/debug.o
 .comment       0x0000000000000023       0x24 build/string.o
 .comment       0x0000000000000023       0x24 build/memory.o
 .comment       0x0000000000000023       0x24 build/bitmap.o
 .comment       0x0000000000000023       0x24 build/thread.o
 .comment       0x0000000000000023       0x24 build/list.o
 .comment       0x0000000000000023       0x24 build/sync.o
 .comment       0x0000000000000023       0x24 build/console.o
 .comment       0x0000000000000023       0x24 build/keyboard.o
 .comment       0x0000000000000023       0x24 build/ioqueue.o
 .comment       0x0000000000000023       0x24 build/tss.o
 .comment       0x0000000000000023       0x24 build/process.o
 .comment       0x0000000000000023       0x24 build/syscall-init.o
 .comment       0x0000000000000023       0x24 build/syscall.o
 .comment       0x0000000000000023       0x24 build/stdio.o

.debug
 *(.debug)

.line
 *(.line)

.debug_srcinfo
 *(.debug_srcinfo)

.debug_sfnames
 *(.debug_sfnames)

.debug_aranges
 *(.debug_aranges)

.debug_pubnames
 *(.debug_pubnames)

.debug_info
 *(.debug_info .gnu.linkonce.wi.*)

.debug_abbrev
 *(.debug_abbrev)

.debug_line
 *(.debug_line .debug_line.* .debug_line_end)

.debug_frame
 *(.debug_frame)

.debug_str
 *(.debug_str)

.debug_loc
 *(.debug_loc)

.debug_macinfo
 *(.debug_macinfo)

.debug_weaknames
 *(.debug_weaknames)

.debug_funcnames
 *(.debug_funcnames)

.debug_typenames
 *(.debug_typenames)

.debug_varnames
 *(.debug_varnames)

.debug_pubtypes
 *(.debug_pubtypes)

.debug_ranges
 *(.debug_ranges)

.debug_macro
 *(.debug_macro)

.debug_addr
 *(.debug_addr)

.gnu.attributes
 *(.gnu.attributes)

/DISCARD/
 *(.note.GNU-stack)
 *(.gnu_debuglink)
 *(.gnu.lto_*)
OUTPUT(build/kernel.bin elf32-i386)
