
Allocating common symbols
Common symbol       size              file

thread_ready_list   0x10              build/thread.o
thread_all_list     0x10              build/thread.o
user_pool           0x10              build/memory.o
intr_name           0x84              build/interrupt.o
main_thread         0x4               build/thread.o
ticks               0x4               build/timer.o
kernel_vaddr        0xc               build/memory.o
idt_table           0x84              build/interrupt.o
kernel_pool         0x10              build/memory.o

Discarded input sections

 .note.GNU-stack
                0x0000000000000000        0x0 build/main.o
 .note.GNU-stack
                0x0000000000000000        0x0 build/init.o
 .note.GNU-stack
                0x0000000000000000        0x0 build/interrupt.o
 .note.GNU-stack
                0x0000000000000000        0x0 build/timer.o
 .note.GNU-stack
                0x0000000000000000        0x0 build/debug.o
 .note.GNU-stack
                0x0000000000000000        0x0 build/string.o
 .note.GNU-stack
                0x0000000000000000        0x0 build/memory.o
 .note.GNU-stack
                0x0000000000000000        0x0 build/bitmap.o
 .note.GNU-stack
                0x0000000000000000        0x0 build/thread.o
 .note.GNU-stack
                0x0000000000000000        0x0 build/list.o
 .note.GNU-stack
                0x0000000000000000        0x0 build/sync.o
 .note.GNU-stack
                0x0000000000000000        0x0 build/console.o

Memory Configuration

Name             Origin             Length             Attributes
*default*        0x0000000000000000 0xffffffffffffffff

Linker script and memory map

Address of section .text set to 0xc0001500
LOAD build/main.o
LOAD build/init.o
LOAD build/interrupt.o
LOAD build/timer.o
LOAD build/kernel.o
LOAD build/print.o
LOAD build/switch.o
LOAD build/debug.o
LOAD build/string.o
LOAD build/memory.o
LOAD build/bitmap.o
LOAD build/thread.o
LOAD build/list.o
LOAD build/sync.o
LOAD build/console.o
                [!provide]                        PROVIDE (__executable_start = SEGMENT_START ("text-segment", 0x8048000))
                0x0000000008048094                . = (SEGMENT_START ("text-segment", 0x8048000) + SIZEOF_HEADERS)

.interp
 *(.interp)

.note.gnu.build-id
 *(.note.gnu.build-id)

.hash
 *(.hash)

.gnu.hash
 *(.gnu.hash)

.dynsym
 *(.dynsym)

.dynstr
 *(.dynstr)

.gnu.version
 *(.gnu.version)

.gnu.version_d
 *(.gnu.version_d)

.gnu.version_r
 *(.gnu.version_r)

.rel.dyn        0x0000000008048094        0x0
 *(.rel.init)
 *(.rel.text .rel.text.* .rel.gnu.linkonce.t.*)
 .rel.text      0x0000000008048094        0x0 build/main.o
 *(.rel.fini)
 *(.rel.rodata .rel.rodata.* .rel.gnu.linkonce.r.*)
 *(.rel.data.rel.ro .rel.data.rel.ro.* .rel.gnu.linkonce.d.rel.ro.*)
 *(.rel.data .rel.data.* .rel.gnu.linkonce.d.*)
 *(.rel.tdata .rel.tdata.* .rel.gnu.linkonce.td.*)
 *(.rel.tbss .rel.tbss.* .rel.gnu.linkonce.tb.*)
 *(.rel.ctors)
 *(.rel.dtors)
 *(.rel.got)
 .rel.got       0x0000000008048094        0x0 build/main.o
 *(.rel.bss .rel.bss.* .rel.gnu.linkonce.b.*)
 *(.rel.ifunc)

.rel.plt        0x0000000008048094        0x0
 *(.rel.plt)
                [!provide]                        PROVIDE (__rel_iplt_start = .)
 *(.rel.iplt)
 .rel.iplt      0x0000000008048094        0x0 build/main.o
                [!provide]                        PROVIDE (__rel_iplt_end = .)

.init
 *(SORT_NONE(.init))

.plt            0x0000000008048098        0x0
 *(.plt)
 *(.iplt)
 .iplt          0x0000000008048098        0x0 build/main.o

.plt.got
 *(.plt.got)

.plt.sec
 *(.plt.sec)

.text           0x00000000c0001500     0x249c
 *(.text.unlikely .text.*_unlikely .text.unlikely.*)
 *(.text.exit .text.exit.*)
 *(.text.startup .text.startup.*)
 *(.text.hot .text.hot.*)
 *(.text .stub .text.* .gnu.linkonce.t.*)
 .text          0x00000000c0001500      0x121 build/main.o
                0x00000000c0001500                main
                0x00000000c00015bd                k_thread_a
                0x00000000c00015d6                k_thread_b
                0x00000000c00015ef                k_thread_c
                0x00000000c0001608                k_thread_d
 .text          0x00000000c0001621       0x2d build/init.o
                0x00000000c0001621                init_all
 .text          0x00000000c000164e      0x450 build/interrupt.o
                0x00000000c000198c                intr_enable
                0x00000000c00019b5                intr_disable
                0x00000000c00019de                intr_set_status
                0x00000000c00019fc                intr_get_status
                0x00000000c0001a20                register_handler
                0x00000000c0001a3c                idt_init
 .text          0x00000000c0001a9e      0x190 build/timer.o
                0x00000000c0001bce                timer_init
 *fill*         0x00000000c0001c2e        0x2 
 .text          0x00000000c0001c30      0x393 build/kernel.o
                0x00000000c0001c30                intr_exit
 *fill*         0x00000000c0001fc3        0xd 
 .text          0x00000000c0001fd0      0x172 build/print.o
                0x00000000c0001fd0                put_str
                0x00000000c0001fee                put_char
                0x00000000c00020bb                put_int
                0x00000000c000211e                set_cursor
 *fill*         0x00000000c0002142        0xe 
 .text          0x00000000c0002150       0x15 build/switch.o
                0x00000000c0002150                switch_to
 .text          0x00000000c0002165       0xa5 build/debug.o
                0x00000000c0002165                panic_spin
 .text          0x00000000c000220a      0x449 build/string.o
                0x00000000c000220a                memset
                0x00000000c0002266                memcpy
                0x00000000c00022d2                memcmp
                0x00000000c0002362                strcpy
                0x00000000c00023c4                strlen
                0x00000000c000241a                strcmp
                0x00000000c00024a1                strchr
                0x00000000c0002506                strrchr
                0x00000000c000256f                strcat
                0x00000000c00025e6                strchrs
 .text          0x00000000c0002653      0x558 build/memory.o
                0x00000000c00026dd                pte_ptr
                0x00000000c000270d                pde_ptr
                0x00000000c00028be                malloc_page
                0x00000000c0002988                get_kernel_pages
                0x00000000c0002b76                mem_init
 .text          0x00000000c0002bab      0x266 build/bitmap.o
                0x00000000c0002bab                bitmap_init
                0x00000000c0002bd2                bitmap_scan_test
                0x00000000c0002c12                bitmap_scan
                0x00000000c0002d56                bitmap_set
 .text          0x00000000c0002e11      0x590 build/thread.o
                0x00000000c0002e11                running_thread
                0x00000000c0002e3e                thread_create
                0x00000000c0002eb4                init_thread
                0x00000000c0002f4f                thread_start
                0x00000000c00030ca                schedule
                0x00000000c00031f2                thread_block
                0x00000000c0003259                thread_unblock
                0x00000000c0003364                thread_init
 .text          0x00000000c00033a1      0x21a build/list.o
                0x00000000c00033a1                list_init
                0x00000000c00033ce                list_insert_before
                0x00000000c000340f                list_push
                0x00000000c000342c                list_append
                0x00000000c0003449                list_remove
                0x00000000c000347f                list_pop
                0x00000000c00034d5                list_empty
                0x00000000c00034ee                list_len
                0x00000000c0003523                list_traversal
                0x00000000c0003580                elem_find
 .text          0x00000000c00035bb      0x347 build/sync.o
                0x00000000c00035bb                sema_init
                0x00000000c00035e0                lock_init
                0x00000000c0003611                sema_down
                0x00000000c0003725                sema_up
                0x00000000c00037db                lock_acquire
                0x00000000c0003857                lock_release
 .text          0x00000000c0003902       0x9a build/console.o
                0x00000000c0003902                console_init
                0x00000000c0003916                console_acquire
                0x00000000c000392a                console_release
                0x00000000c000393e                console_put_str
                0x00000000c000395b                console_put_char
                0x00000000c000397f                console_put_int
 *(.gnu.warning)

.fini
 *(SORT_NONE(.fini))
                [!provide]                        PROVIDE (__etext = .)
                [!provide]                        PROVIDE (_etext = .)
                [!provide]                        PROVIDE (etext = .)

.rodata         0x00000000c000399c      0xa5b
 *(.rodata .rodata.* .gnu.linkonce.r.*)
 .rodata        0x00000000c000399c       0x57 build/main.o
 .rodata        0x00000000c00039f3        0xa build/init.o
 *fill*         0x00000000c00039fd        0x3 
 .rodata        0x00000000c0003a00      0x2cd build/interrupt.o
 *fill*         0x00000000c0003ccd        0x3 
 .rodata        0x00000000c0003cd0       0x6b build/timer.o
 .rodata        0x00000000c0003d3b       0x3f build/debug.o
 .rodata        0x00000000c0003d7a       0xb9 build/string.o
 *fill*         0x00000000c0003e33        0x1 
 .rodata        0x00000000c0003e34      0x12d build/memory.o
 *fill*         0x00000000c0003f61        0x3 
 .rodata        0x00000000c0003f64       0x68 build/bitmap.o
 .rodata        0x00000000c0003fcc      0x2be build/thread.o
 *fill*         0x00000000c000428a        0x2 
 .rodata        0x00000000c000428c       0x3c build/list.o
 .rodata        0x00000000c00042c8      0x12f build/sync.o

.rodata1
 *(.rodata1)

.eh_frame_hdr
 *(.eh_frame_hdr)
 *(.eh_frame_entry .eh_frame_entry.*)

.eh_frame       0x00000000c00043f8      0x9e8
 *(.eh_frame)
 .eh_frame      0x00000000c00043f8       0xa4 build/main.o
 .eh_frame      0x00000000c000449c       0x20 build/init.o
                                         0x38 (size before relaxing)
 .eh_frame      0x00000000c00044bc      0x188 build/interrupt.o
                                        0x1a0 (size before relaxing)
 .eh_frame      0x00000000c0004644       0x8c build/timer.o
                                         0xa4 (size before relaxing)
 .eh_frame      0x00000000c00046d0       0x1c build/debug.o
                                         0x34 (size before relaxing)
 .eh_frame      0x00000000c00046ec      0x140 build/string.o
                                        0x158 (size before relaxing)
 .eh_frame      0x00000000c000482c      0x120 build/memory.o
                                        0x138 (size before relaxing)
 .eh_frame      0x00000000c000494c       0x8c build/bitmap.o
                                         0xa4 (size before relaxing)
 .eh_frame      0x00000000c00049d8      0x140 build/thread.o
                                        0x158 (size before relaxing)
 .eh_frame      0x00000000c0004b18      0x140 build/list.o
                                        0x158 (size before relaxing)
 .eh_frame      0x00000000c0004c58       0xc8 build/sync.o
                                         0xe0 (size before relaxing)
 .eh_frame      0x00000000c0004d20       0xc0 build/console.o
                                         0xd8 (size before relaxing)
 *(.eh_frame.*)

.gcc_except_table
 *(.gcc_except_table .gcc_except_table.*)

.gnu_extab
 *(.gnu_extab*)

.exception_ranges
 *(.exception_ranges .exception_ranges*)
                0x00000000c0006000                . = DATA_SEGMENT_ALIGN (CONSTANT (MAXPAGESIZE), CONSTANT (COMMONPAGESIZE))

.eh_frame
 *(.eh_frame)
 *(.eh_frame.*)

.gnu_extab
 *(.gnu_extab)

.gcc_except_table
 *(.gcc_except_table .gcc_except_table.*)

.exception_ranges
 *(.exception_ranges .exception_ranges*)

.tdata
 *(.tdata .tdata.* .gnu.linkonce.td.*)

.tbss
 *(.tbss .tbss.* .gnu.linkonce.tb.*)
 *(.tcommon)

.preinit_array  0x00000000c0006000        0x0
                [!provide]                        PROVIDE (__preinit_array_start = .)
 *(.preinit_array)
                [!provide]                        PROVIDE (__preinit_array_end = .)

.init_array     0x00000000c0006000        0x0
                [!provide]                        PROVIDE (__init_array_start = .)
 *(SORT_BY_INIT_PRIORITY(.init_array.*) SORT_BY_INIT_PRIORITY(.ctors.*))
 *(.init_array EXCLUDE_FILE(*crtend?.o *crtend.o *crtbegin?.o *crtbegin.o) .ctors)
                [!provide]                        PROVIDE (__init_array_end = .)

.fini_array     0x00000000c0006000        0x0
                [!provide]                        PROVIDE (__fini_array_start = .)
 *(SORT_BY_INIT_PRIORITY(.fini_array.*) SORT_BY_INIT_PRIORITY(.dtors.*))
 *(.fini_array EXCLUDE_FILE(*crtend?.o *crtend.o *crtbegin?.o *crtbegin.o) .dtors)
                [!provide]                        PROVIDE (__fini_array_end = .)

.ctors
 *crtbegin.o(.ctors)
 *crtbegin?.o(.ctors)
 *(EXCLUDE_FILE(*crtend?.o *crtend.o) .ctors)
 *(SORT_BY_NAME(.ctors.*))
 *(.ctors)

.dtors
 *crtbegin.o(.dtors)
 *crtbegin?.o(.dtors)
 *(EXCLUDE_FILE(*crtend?.o *crtend.o) .dtors)
 *(SORT_BY_NAME(.dtors.*))
 *(.dtors)

.jcr
 *(.jcr)

.data.rel.ro
 *(.data.rel.ro.local* .gnu.linkonce.d.rel.ro.local.*)
 *(.data.rel.ro .data.rel.ro.* .gnu.linkonce.d.rel.ro.*)

.dynamic
 *(.dynamic)

.got            0x00000000c0006000        0x0
 *(.got)
 .got           0x00000000c0006000        0x0 build/main.o
 *(.igot)
                0x00000000c0006000                . = DATA_SEGMENT_RELRO_END (., (SIZEOF (.got.plt) >= 0xc)?0xc:0x0)

.got.plt        0x00000000c0006000        0x0
 *(.got.plt)
 .got.plt       0x00000000c0006000        0x0 build/main.o
 *(.igot.plt)
 .igot.plt      0x00000000c0006000        0x0 build/main.o

.data           0x00000000c0006000       0x8c
 *(.data .data.* .gnu.linkonce.d.*)
 .data          0x00000000c0006000        0x0 build/main.o
 .data          0x00000000c0006000        0x0 build/init.o
 .data          0x00000000c0006000        0x0 build/interrupt.o
 .data          0x00000000c0006000        0x0 build/timer.o
 .data          0x00000000c0006000       0x84 build/kernel.o
                0x00000000c0006000                intr_entry_table
 .data          0x00000000c0006084        0x8 build/print.o
 .data          0x00000000c000608c        0x0 build/debug.o
 .data          0x00000000c000608c        0x0 build/string.o
 .data          0x00000000c000608c        0x0 build/memory.o
 .data          0x00000000c000608c        0x0 build/bitmap.o
 .data          0x00000000c000608c        0x0 build/thread.o
 .data          0x00000000c000608c        0x0 build/list.o
 .data          0x00000000c000608c        0x0 build/sync.o
 .data          0x00000000c000608c        0x0 build/console.o

.data1
 *(.data1)
                0x00000000c000608c                _edata = .
                [!provide]                        PROVIDE (edata = .)
                0x00000000c000608c                . = .
                0x00000000c000608c                __bss_start = .

.bss            0x00000000c00060a0      0x2b8
 *(.dynbss)
 *(.bss .bss.* .gnu.linkonce.b.*)
 .bss           0x00000000c00060a0        0x0 build/main.o
 .bss           0x00000000c00060a0        0x0 build/init.o
 .bss           0x00000000c00060a0      0x108 build/interrupt.o
 .bss           0x00000000c00061a8        0x0 build/timer.o
 .bss           0x00000000c00061a8        0x0 build/debug.o
 .bss           0x00000000c00061a8        0x0 build/string.o
 .bss           0x00000000c00061a8        0x0 build/memory.o
 .bss           0x00000000c00061a8        0x0 build/bitmap.o
 .bss           0x00000000c00061a8        0x4 build/thread.o
 .bss           0x00000000c00061ac        0x0 build/list.o
 .bss           0x00000000c00061ac        0x0 build/sync.o
 .bss           0x00000000c00061ac       0x1c build/console.o
 *(COMMON)
 *fill*         0x00000000c00061c8       0x18 
 COMMON         0x00000000c00061e0      0x124 build/interrupt.o
                0x00000000c00061e0                intr_name
                0x00000000c0006280                idt_table
 COMMON         0x00000000c0006304        0x4 build/timer.o
                0x00000000c0006304                ticks
 COMMON         0x00000000c0006308       0x2c build/memory.o
                0x00000000c0006308                user_pool
                0x00000000c0006318                kernel_vaddr
                0x00000000c0006324                kernel_pool
 COMMON         0x00000000c0006334       0x24 build/thread.o
                0x00000000c0006334                thread_ready_list
                0x00000000c0006344                thread_all_list
                0x00000000c0006354                main_thread
                0x00000000c0006358                . = ALIGN ((. != 0x0)?0x4:0x1)
                0x00000000c0006358                . = ALIGN (0x4)
                0x00000000c0006358                . = SEGMENT_START ("ldata-segment", .)
                0x00000000c0006358                . = ALIGN (0x4)
                0x00000000c0006358                _end = .
                [!provide]                        PROVIDE (end = .)
                0x00000000c0006358                . = DATA_SEGMENT_END (.)

.stab
 *(.stab)

.stabstr
 *(.stabstr)

.stab.excl
 *(.stab.excl)

.stab.exclstr
 *(.stab.exclstr)

.stab.index
 *(.stab.index)

.stab.indexstr
 *(.stab.indexstr)

.comment        0x0000000000000000       0x23
 *(.comment)
 .comment       0x0000000000000000       0x23 build/main.o
                                         0x24 (size before relaxing)
 .comment       0x0000000000000023       0x24 build/init.o
 .comment       0x0000000000000023       0x24 build/interrupt.o
 .comment       0x0000000000000023       0x24 build/timer.o
 .comment       0x0000000000000023       0x24 build/debug.o
 .comment       0x0000000000000023       0x24 build/string.o
 .comment       0x0000000000000023       0x24 build/memory.o
 .comment       0x0000000000000023       0x24 build/bitmap.o
 .comment       0x0000000000000023       0x24 build/thread.o
 .comment       0x0000000000000023       0x24 build/list.o
 .comment       0x0000000000000023       0x24 build/sync.o
 .comment       0x0000000000000023       0x24 build/console.o

.debug
 *(.debug)

.line
 *(.line)

.debug_srcinfo
 *(.debug_srcinfo)

.debug_sfnames
 *(.debug_sfnames)

.debug_aranges
 *(.debug_aranges)

.debug_pubnames
 *(.debug_pubnames)

.debug_info
 *(.debug_info .gnu.linkonce.wi.*)

.debug_abbrev
 *(.debug_abbrev)

.debug_line
 *(.debug_line .debug_line.* .debug_line_end)

.debug_frame
 *(.debug_frame)

.debug_str
 *(.debug_str)

.debug_loc
 *(.debug_loc)

.debug_macinfo
 *(.debug_macinfo)

.debug_weaknames
 *(.debug_weaknames)

.debug_funcnames
 *(.debug_funcnames)

.debug_typenames
 *(.debug_typenames)

.debug_varnames
 *(.debug_varnames)

.debug_pubtypes
 *(.debug_pubtypes)

.debug_ranges
 *(.debug_ranges)

.debug_macro
 *(.debug_macro)

.debug_addr
 *(.debug_addr)

.gnu.attributes
 *(.gnu.attributes)

/DISCARD/
 *(.note.GNU-stack)
 *(.gnu_debuglink)
 *(.gnu.lto_*)
OUTPUT(build/kernel.bin elf32-i386)
