
Allocating common symbols
Common symbol       size              file

kbd_buf             0x6c              build/keyboard.o
thread_ready_list   0x10              build/thread.o
thread_all_list     0x10              build/thread.o
user_pool           0x2c              build/memory.o
k_block_descs       0xa8              build/memory.o
intr_name           0x204             build/interrupt.o
main_thread         0x4               build/thread.o
ticks               0x4               build/timer.o
kernel_vaddr        0xc               build/memory.o
syscall_table       0x80              build/syscall-init.o
idt_table           0x204             build/interrupt.o
kernel_pool         0x2c              build/memory.o
pid_lock            0x1c              build/thread.o

Discarded input sections

 .note.GNU-stack
                0x0000000000000000        0x0 build/main.o
 .note.GNU-stack
                0x0000000000000000        0x0 build/init.o
 .note.GNU-stack
                0x0000000000000000        0x0 build/interrupt.o
 .note.GNU-stack
                0x0000000000000000        0x0 build/timer.o
 .note.GNU-stack
                0x0000000000000000        0x0 build/debug.o
 .note.GNU-stack
                0x0000000000000000        0x0 build/string.o
 .note.GNU-stack
                0x0000000000000000        0x0 build/memory.o
 .note.GNU-stack
                0x0000000000000000        0x0 build/bitmap.o
 .note.GNU-stack
                0x0000000000000000        0x0 build/thread.o
 .note.GNU-stack
                0x0000000000000000        0x0 build/list.o
 .note.GNU-stack
                0x0000000000000000        0x0 build/sync.o
 .note.GNU-stack
                0x0000000000000000        0x0 build/console.o
 .note.GNU-stack
                0x0000000000000000        0x0 build/keyboard.o
 .note.GNU-stack
                0x0000000000000000        0x0 build/ioqueue.o
 .note.GNU-stack
                0x0000000000000000        0x0 build/tss.o
 .note.GNU-stack
                0x0000000000000000        0x0 build/process.o
 .note.GNU-stack
                0x0000000000000000        0x0 build/syscall-init.o
 .note.GNU-stack
                0x0000000000000000        0x0 build/syscall.o
 .note.GNU-stack
                0x0000000000000000        0x0 build/stdio.o

Memory Configuration

Name             Origin             Length             Attributes
*default*        0x0000000000000000 0xffffffffffffffff

Linker script and memory map

Address of section .text set to 0xc0001500
LOAD build/main.o
LOAD build/init.o
LOAD build/interrupt.o
LOAD build/timer.o
LOAD build/kernel.o
LOAD build/print.o
LOAD build/switch.o
LOAD build/debug.o
LOAD build/string.o
LOAD build/memory.o
LOAD build/bitmap.o
LOAD build/thread.o
LOAD build/list.o
LOAD build/sync.o
LOAD build/console.o
LOAD build/keyboard.o
LOAD build/ioqueue.o
LOAD build/tss.o
LOAD build/process.o
LOAD build/syscall-init.o
LOAD build/syscall.o
LOAD build/stdio.o
                [!provide]                        PROVIDE (__executable_start = SEGMENT_START ("text-segment", 0x8048000))
                0x0000000008048094                . = (SEGMENT_START ("text-segment", 0x8048000) + SIZEOF_HEADERS)

.interp
 *(.interp)

.note.gnu.build-id
 *(.note.gnu.build-id)

.hash
 *(.hash)

.gnu.hash
 *(.gnu.hash)

.dynsym
 *(.dynsym)

.dynstr
 *(.dynstr)

.gnu.version
 *(.gnu.version)

.gnu.version_d
 *(.gnu.version_d)

.gnu.version_r
 *(.gnu.version_r)

.rel.dyn        0x0000000008048094        0x0
 *(.rel.init)
 *(.rel.text .rel.text.* .rel.gnu.linkonce.t.*)
 .rel.text      0x0000000008048094        0x0 build/main.o
 *(.rel.fini)
 *(.rel.rodata .rel.rodata.* .rel.gnu.linkonce.r.*)
 *(.rel.data.rel.ro .rel.data.rel.ro.* .rel.gnu.linkonce.d.rel.ro.*)
 *(.rel.data .rel.data.* .rel.gnu.linkonce.d.*)
 *(.rel.tdata .rel.tdata.* .rel.gnu.linkonce.td.*)
 *(.rel.tbss .rel.tbss.* .rel.gnu.linkonce.tb.*)
 *(.rel.ctors)
 *(.rel.dtors)
 *(.rel.got)
 .rel.got       0x0000000008048094        0x0 build/main.o
 *(.rel.bss .rel.bss.* .rel.gnu.linkonce.b.*)
 *(.rel.ifunc)

.rel.plt        0x0000000008048094        0x0
 *(.rel.plt)
                [!provide]                        PROVIDE (__rel_iplt_start = .)
 *(.rel.iplt)
 .rel.iplt      0x0000000008048094        0x0 build/main.o
                [!provide]                        PROVIDE (__rel_iplt_end = .)

.init
 *(SORT_NONE(.init))

.plt            0x0000000008048098        0x0
 *(.plt)
 *(.iplt)
 .iplt          0x0000000008048098        0x0 build/main.o

.plt.got
 *(.plt.got)

.plt.sec
 *(.plt.sec)

.text           0x00000000c0001500     0x3c07
 *(.text.unlikely .text.*_unlikely .text.unlikely.*)
 *(.text.exit .text.exit.*)
 *(.text.startup .text.startup.*)
 *(.text.hot .text.hot.*)
 *(.text .stub .text.* .gnu.linkonce.t.*)
 .text          0x00000000c0001500      0x14f build/main.o
                0x00000000c0001500                main
                0x00000000c0001569                k_thread_a
                0x00000000c00015a9                k_thread_b
                0x00000000c00015e9                u_prog_a
                0x00000000c000161c                u_prog_b
 .text          0x00000000c000164f       0x3c build/init.o
                0x00000000c000164f                init_all
 .text          0x00000000c000168b      0x480 build/interrupt.o
                0x00000000c00019f9                intr_enable
                0x00000000c0001a22                intr_disable
                0x00000000c0001a4b                intr_set_status
                0x00000000c0001a69                intr_get_status
                0x00000000c0001a8d                register_handler
                0x00000000c0001aa9                idt_init
 .text          0x00000000c0001b0b      0x193 build/timer.o
                0x00000000c0001c3e                timer_init
 *fill*         0x00000000c0001c9e        0x2 
 .text          0x00000000c0001ca0      0x55b build/kernel.o
                0x00000000c0001ca0                intr_exit
                0x00000000c00021d7                syscall_handler
 *fill*         0x00000000c00021fb        0x5 
 .text          0x00000000c0002200      0x172 build/print.o
                0x00000000c0002200                put_str
                0x00000000c000221e                put_char
                0x00000000c00022eb                put_int
                0x00000000c000234e                set_cursor
 *fill*         0x00000000c0002372        0xe 
 .text          0x00000000c0002380       0x15 build/switch.o
                0x00000000c0002380                switch_to
 .text          0x00000000c0002395       0xa5 build/debug.o
                0x00000000c0002395                panic_spin
 .text          0x00000000c000243a      0x449 build/string.o
                0x00000000c000243a                memset
                0x00000000c0002496                memcpy
                0x00000000c0002502                memcmp
                0x00000000c0002592                strcpy
                0x00000000c00025f4                strlen
                0x00000000c000264a                strcmp
                0x00000000c00026d1                strchr
                0x00000000c0002736                strrchr
                0x00000000c000279f                strcat
                0x00000000c0002816                strchrs
 .text          0x00000000c0002883      0xc0d build/memory.o
                0x00000000c0002883                block_desc_init
                0x00000000c0002a41                pte_ptr
                0x00000000c0002a71                pde_ptr
                0x00000000c0002c11                malloc_page
                0x00000000c0002cdb                get_kernel_pages
                0x00000000c0002d37                get_user_pages
                0x00000000c0002d93                get_a_page
                0x00000000c0002f0b                addr_v2p
                0x00000000c0003120                sys_malloc
                0x00000000c000344f                mem_init
 .text          0x00000000c0003490      0x266 build/bitmap.o
                0x00000000c0003490                bitmap_init
                0x00000000c00034b7                bitmap_scan_test
                0x00000000c00034f7                bitmap_scan
                0x00000000c000363b                bitmap_set
 .text          0x00000000c00036f6      0x5ed build/thread.o
                0x00000000c00036f6                running_thread
                0x00000000c000375a                thread_create
                0x00000000c00037d0                init_thread
                0x00000000c000387a                thread_start
                0x00000000c00039f5                schedule
                0x00000000c0003b28                thread_block
                0x00000000c0003b8f                thread_unblock
                0x00000000c0003c9a                thread_init
 .text          0x00000000c0003ce3      0x21a build/list.o
                0x00000000c0003ce3                list_init
                0x00000000c0003d10                list_insert_before
                0x00000000c0003d51                list_push
                0x00000000c0003d6e                list_append
                0x00000000c0003d8b                list_remove
                0x00000000c0003dc1                list_pop
                0x00000000c0003e17                list_empty
                0x00000000c0003e30                list_len
                0x00000000c0003e65                list_traversal
                0x00000000c0003ec2                elem_find
 .text          0x00000000c0003efd      0x347 build/sync.o
                0x00000000c0003efd                sema_init
                0x00000000c0003f22                lock_init
                0x00000000c0003f53                sema_down
                0x00000000c0004067                sema_up
                0x00000000c000411d                lock_acquire
                0x00000000c0004199                lock_release
 .text          0x00000000c0004244       0x9a build/console.o
                0x00000000c0004244                console_init
                0x00000000c0004258                console_acquire
                0x00000000c000426c                console_release
                0x00000000c0004280                console_put_str
                0x00000000c000429d                console_put_char
                0x00000000c00042c1                console_put_int
 .text          0x00000000c00042de      0x2ed build/keyboard.o
                0x00000000c000458b                keyboard_init
 .text          0x00000000c00045cb      0x2ef build/ioqueue.o
                0x00000000c00045cb                ioqueue_init
                0x00000000c0004626                ioq_full
                0x00000000c000475e                ioq_getchar
                0x00000000c000480b                ioq_putchar
 .text          0x00000000c00048ba      0x1af build/tss.o
                0x00000000c00048ba                update_tss_esp
                0x00000000c000493b                tss_init
 .text          0x00000000c0004a69      0x365 build/process.o
                0x00000000c0004a69                start_process
                0x00000000c0004b6f                page_dir_activate
                0x00000000c0004b9f                process_activate
                0x00000000c0004bf1                create_page_dir
                0x00000000c0004c62                create_user_vaddr_bitmap
                0x00000000c0004ca4                process_execute
 .text          0x00000000c0004dce       0x64 build/syscall-init.o
                0x00000000c0004dce                sys_getpid
                0x00000000c0004de0                sys_write
                0x00000000c0004dfe                syscall_init
 .text          0x00000000c0004e32       0x34 build/syscall.o
                0x00000000c0004e32                getpid
                0x00000000c0004e47                write
 .text          0x00000000c0004e66      0x2a1 build/stdio.o
                0x00000000c0004eed                vsprintf
                0x00000000c0005071                sprintf
                0x00000000c00050a5                printf
 *(.gnu.warning)

.fini
 *(SORT_NONE(.fini))
                [!provide]                        PROVIDE (__etext = .)
                [!provide]                        PROVIDE (_etext = .)
                [!provide]                        PROVIDE (etext = .)

.rodata         0x00000000c0005108      0xda0
 *(.rodata .rodata.* .gnu.linkonce.r.*)
 .rodata        0x00000000c0005108       0xbb build/main.o
 .rodata        0x00000000c00051c3        0xa build/init.o
 *fill*         0x00000000c00051cd        0x3 
 .rodata        0x00000000c00051d0      0x2cd build/interrupt.o
 *fill*         0x00000000c000549d        0x3 
 .rodata        0x00000000c00054a0       0x6b build/timer.o
 .rodata        0x00000000c000550b       0x3f build/debug.o
 .rodata        0x00000000c000554a       0xb9 build/string.o
 *fill*         0x00000000c0005603        0x1 
 .rodata        0x00000000c0005604      0x20d build/memory.o
 *fill*         0x00000000c0005811        0x3 
 .rodata        0x00000000c0005814       0x68 build/bitmap.o
 .rodata        0x00000000c000587c      0x2be build/thread.o
 *fill*         0x00000000c0005b3a        0x2 
 .rodata        0x00000000c0005b3c       0x3c build/list.o
 .rodata        0x00000000c0005b78      0x12f build/sync.o
 .rodata        0x00000000c0005ca7       0x36 build/keyboard.o
 *fill*         0x00000000c0005cdd        0x3 
 .rodata        0x00000000c0005ce0       0x9d build/ioqueue.o
 .rodata        0x00000000c0005d7d       0x27 build/tss.o
 .rodata        0x00000000c0005da4       0xdd build/process.o
 .rodata        0x00000000c0005e81       0x27 build/syscall-init.o

.rodata1
 *(.rodata1)

.eh_frame_hdr
 *(.eh_frame_hdr)
 *(.eh_frame_entry .eh_frame_entry.*)

.eh_frame       0x00000000c0005ea8      0xea4
 *(.eh_frame)
 .eh_frame      0x00000000c0005ea8       0xa4 build/main.o
 .eh_frame      0x00000000c0005f4c       0x20 build/init.o
                                         0x38 (size before relaxing)
 .eh_frame      0x00000000c0005f6c      0x188 build/interrupt.o
                                        0x1a0 (size before relaxing)
 .eh_frame      0x00000000c00060f4       0x8c build/timer.o
                                         0xa4 (size before relaxing)
 .eh_frame      0x00000000c0006180       0x1c build/debug.o
                                         0x34 (size before relaxing)
 .eh_frame      0x00000000c000619c      0x140 build/string.o
                                        0x158 (size before relaxing)
 .eh_frame      0x00000000c00062dc      0x200 build/memory.o
                                        0x218 (size before relaxing)
 .eh_frame      0x00000000c00064dc       0x8c build/bitmap.o
                                         0xa4 (size before relaxing)
 .eh_frame      0x00000000c0006568      0x160 build/thread.o
                                        0x178 (size before relaxing)
 .eh_frame      0x00000000c00066c8      0x140 build/list.o
                                        0x158 (size before relaxing)
 .eh_frame      0x00000000c0006808       0xc8 build/sync.o
                                         0xe0 (size before relaxing)
 .eh_frame      0x00000000c00068d0       0xc0 build/console.o
                                         0xd8 (size before relaxing)
 .eh_frame      0x00000000c0006990       0x60 build/keyboard.o
                                         0x78 (size before relaxing)
 .eh_frame      0x00000000c00069f0      0x100 build/ioqueue.o
                                        0x118 (size before relaxing)
 .eh_frame      0x00000000c0006af0       0x64 build/tss.o
                                         0x7c (size before relaxing)
 .eh_frame      0x00000000c0006b54       0xc0 build/process.o
                                         0xd8 (size before relaxing)
 .eh_frame      0x00000000c0006c14       0x60 build/syscall-init.o
                                         0x78 (size before relaxing)
 .eh_frame      0x00000000c0006c74       0x44 build/syscall.o
                                         0x5c (size before relaxing)
 .eh_frame      0x00000000c0006cb8       0x94 build/stdio.o
                                         0xac (size before relaxing)
 *(.eh_frame.*)

.gcc_except_table
 *(.gcc_except_table .gcc_except_table.*)

.gnu_extab
 *(.gnu_extab*)

.exception_ranges
 *(.exception_ranges .exception_ranges*)
                0x00000000c0008000                . = DATA_SEGMENT_ALIGN (CONSTANT (MAXPAGESIZE), CONSTANT (COMMONPAGESIZE))

.eh_frame
 *(.eh_frame)
 *(.eh_frame.*)

.gnu_extab
 *(.gnu_extab)

.gcc_except_table
 *(.gcc_except_table .gcc_except_table.*)

.exception_ranges
 *(.exception_ranges .exception_ranges*)

.tdata
 *(.tdata .tdata.* .gnu.linkonce.td.*)

.tbss
 *(.tbss .tbss.* .gnu.linkonce.tb.*)
 *(.tcommon)

.preinit_array  0x00000000c0008000        0x0
                [!provide]                        PROVIDE (__preinit_array_start = .)
 *(.preinit_array)
                [!provide]                        PROVIDE (__preinit_array_end = .)

.init_array     0x00000000c0008000        0x0
                [!provide]                        PROVIDE (__init_array_start = .)
 *(SORT_BY_INIT_PRIORITY(.init_array.*) SORT_BY_INIT_PRIORITY(.ctors.*))
 *(.init_array EXCLUDE_FILE(*crtend?.o *crtend.o *crtbegin?.o *crtbegin.o) .ctors)
                [!provide]                        PROVIDE (__init_array_end = .)

.fini_array     0x00000000c0008000        0x0
                [!provide]                        PROVIDE (__fini_array_start = .)
 *(SORT_BY_INIT_PRIORITY(.fini_array.*) SORT_BY_INIT_PRIORITY(.dtors.*))
 *(.fini_array EXCLUDE_FILE(*crtend?.o *crtend.o *crtbegin?.o *crtbegin.o) .dtors)
                [!provide]                        PROVIDE (__fini_array_end = .)

.ctors
 *crtbegin.o(.ctors)
 *crtbegin?.o(.ctors)
 *(EXCLUDE_FILE(*crtend?.o *crtend.o) .ctors)
 *(SORT_BY_NAME(.ctors.*))
 *(.ctors)

.dtors
 *crtbegin.o(.dtors)
 *crtbegin?.o(.dtors)
 *(EXCLUDE_FILE(*crtend?.o *crtend.o) .dtors)
 *(SORT_BY_NAME(.dtors.*))
 *(.dtors)

.jcr
 *(.jcr)

.data.rel.ro
 *(.data.rel.ro.local* .gnu.linkonce.d.rel.ro.local.*)
 *(.data.rel.ro .data.rel.ro.* .gnu.linkonce.d.rel.ro.*)

.dynamic
 *(.dynamic)

.got            0x00000000c0008000        0x0
 *(.got)
 .got           0x00000000c0008000        0x0 build/main.o
 *(.igot)
                0x00000000c0008000                . = DATA_SEGMENT_RELRO_END (., (SIZEOF (.got.plt) >= 0xc)?0xc:0x0)

.got.plt        0x00000000c0008000        0x0
 *(.got.plt)
 .got.plt       0x00000000c0008000        0x0 build/main.o
 *(.igot.plt)
 .igot.plt      0x00000000c0008000        0x0 build/main.o

.data           0x00000000c0008000      0x156
 *(.data .data.* .gnu.linkonce.d.*)
 .data          0x00000000c0008000        0x0 build/main.o
 .data          0x00000000c0008000        0x0 build/init.o
 .data          0x00000000c0008000        0x0 build/interrupt.o
 .data          0x00000000c0008000        0x0 build/timer.o
 .data          0x00000000c0008000       0xc0 build/kernel.o
                0x00000000c0008000                intr_entry_table
 .data          0x00000000c00080c0        0x8 build/print.o
 .data          0x00000000c00080c8        0x0 build/debug.o
 .data          0x00000000c00080c8        0x0 build/string.o
 .data          0x00000000c00080c8        0x0 build/memory.o
 .data          0x00000000c00080c8        0x0 build/bitmap.o
 .data          0x00000000c00080c8        0x0 build/thread.o
 .data          0x00000000c00080c8        0x0 build/list.o
 .data          0x00000000c00080c8        0x0 build/sync.o
 .data          0x00000000c00080c8        0x0 build/console.o
 *fill*         0x00000000c00080c8       0x18 
 .data          0x00000000c00080e0       0x76 build/keyboard.o
 .data          0x00000000c0008156        0x0 build/ioqueue.o
 .data          0x00000000c0008156        0x0 build/tss.o
 .data          0x00000000c0008156        0x0 build/process.o
 .data          0x00000000c0008156        0x0 build/syscall-init.o
 .data          0x00000000c0008156        0x0 build/syscall.o
 .data          0x00000000c0008156        0x0 build/stdio.o

.data1
 *(.data1)
                0x00000000c0008156                _edata = .
                [!provide]                        PROVIDE (edata = .)
                0x00000000c0008156                . = .
                0x00000000c0008156                __bss_start = .

.bss            0x00000000c0008160      0xb80
 *(.dynbss)
 *(.bss .bss.* .gnu.linkonce.b.*)
 .bss           0x00000000c0008160        0x0 build/main.o
 .bss           0x00000000c0008160        0x0 build/init.o
 .bss           0x00000000c0008160      0x408 build/interrupt.o
 .bss           0x00000000c0008568        0x0 build/timer.o
 .bss           0x00000000c0008568        0x0 build/debug.o
 .bss           0x00000000c0008568        0x0 build/string.o
 .bss           0x00000000c0008568        0x0 build/memory.o
 .bss           0x00000000c0008568        0x0 build/bitmap.o
 .bss           0x00000000c0008568        0x6 build/thread.o
 .bss           0x00000000c000856e        0x0 build/list.o
 .bss           0x00000000c000856e        0x0 build/sync.o
 *fill*         0x00000000c000856e        0x2 
 .bss           0x00000000c0008570       0x1c build/console.o
 .bss           0x00000000c000858c       0x14 build/keyboard.o
 .bss           0x00000000c00085a0        0x0 build/ioqueue.o
 .bss           0x00000000c00085a0       0x6c build/tss.o
 .bss           0x00000000c000860c        0x0 build/process.o
 .bss           0x00000000c000860c        0x0 build/syscall-init.o
 .bss           0x00000000c000860c        0x0 build/syscall.o
 .bss           0x00000000c000860c        0x0 build/stdio.o
 *(COMMON)
 *fill*         0x00000000c000860c       0x14 
 COMMON         0x00000000c0008620      0x424 build/interrupt.o
                0x00000000c0008620                intr_name
                0x00000000c0008840                idt_table
 COMMON         0x00000000c0008a44        0x4 build/timer.o
                0x00000000c0008a44                ticks
 *fill*         0x00000000c0008a48       0x18 
 COMMON         0x00000000c0008a60      0x12c build/memory.o
                0x00000000c0008a60                user_pool
                0x00000000c0008aa0                k_block_descs
                0x00000000c0008b48                kernel_vaddr
                0x00000000c0008b60                kernel_pool
 COMMON         0x00000000c0008b8c       0x40 build/thread.o
                0x00000000c0008b8c                thread_ready_list
                0x00000000c0008b9c                thread_all_list
                0x00000000c0008bac                main_thread
                0x00000000c0008bb0                pid_lock
 *fill*         0x00000000c0008bcc       0x14 
 COMMON         0x00000000c0008be0       0x6c build/keyboard.o
                0x00000000c0008be0                kbd_buf
 *fill*         0x00000000c0008c4c       0x14 
 COMMON         0x00000000c0008c60       0x80 build/syscall-init.o
                0x00000000c0008c60                syscall_table
                0x00000000c0008ce0                . = ALIGN ((. != 0x0)?0x4:0x1)
                0x00000000c0008ce0                . = ALIGN (0x4)
                0x00000000c0008ce0                . = SEGMENT_START ("ldata-segment", .)
                0x00000000c0008ce0                . = ALIGN (0x4)
                0x00000000c0008ce0                _end = .
                [!provide]                        PROVIDE (end = .)
                0x00000000c0008ce0                . = DATA_SEGMENT_END (.)

.stab
 *(.stab)

.stabstr
 *(.stabstr)

.stab.excl
 *(.stab.excl)

.stab.exclstr
 *(.stab.exclstr)

.stab.index
 *(.stab.index)

.stab.indexstr
 *(.stab.indexstr)

.comment        0x0000000000000000       0x23
 *(.comment)
 .comment       0x0000000000000000       0x23 build/main.o
                                         0x24 (size before relaxing)
 .comment       0x0000000000000023       0x24 build/init.o
 .comment       0x0000000000000023       0x24 build/interrupt.o
 .comment       0x0000000000000023       0x24 build/timer.o
 .comment       0x0000000000000023       0x24 build/debug.o
 .comment       0x0000000000000023       0x24 build/string.o
 .comment       0x0000000000000023       0x24 build/memory.o
 .comment       0x0000000000000023       0x24 build/bitmap.o
 .comment       0x0000000000000023       0x24 build/thread.o
 .comment       0x0000000000000023       0x24 build/list.o
 .comment       0x0000000000000023       0x24 build/sync.o
 .comment       0x0000000000000023       0x24 build/console.o
 .comment       0x0000000000000023       0x24 build/keyboard.o
 .comment       0x0000000000000023       0x24 build/ioqueue.o
 .comment       0x0000000000000023       0x24 build/tss.o
 .comment       0x0000000000000023       0x24 build/process.o
 .comment       0x0000000000000023       0x24 build/syscall-init.o
 .comment       0x0000000000000023       0x24 build/syscall.o
 .comment       0x0000000000000023       0x24 build/stdio.o

.debug
 *(.debug)

.line
 *(.line)

.debug_srcinfo
 *(.debug_srcinfo)

.debug_sfnames
 *(.debug_sfnames)

.debug_aranges
 *(.debug_aranges)

.debug_pubnames
 *(.debug_pubnames)

.debug_info
 *(.debug_info .gnu.linkonce.wi.*)

.debug_abbrev
 *(.debug_abbrev)

.debug_line
 *(.debug_line .debug_line.* .debug_line_end)

.debug_frame
 *(.debug_frame)

.debug_str
 *(.debug_str)

.debug_loc
 *(.debug_loc)

.debug_macinfo
 *(.debug_macinfo)

.debug_weaknames
 *(.debug_weaknames)

.debug_funcnames
 *(.debug_funcnames)

.debug_typenames
 *(.debug_typenames)

.debug_varnames
 *(.debug_varnames)

.debug_pubtypes
 *(.debug_pubtypes)

.debug_ranges
 *(.debug_ranges)

.debug_macro
 *(.debug_macro)

.debug_addr
 *(.debug_addr)

.gnu.attributes
 *(.gnu.attributes)

/DISCARD/
 *(.note.GNU-stack)
 *(.gnu_debuglink)
 *(.gnu.lto_*)
OUTPUT(build/kernel.bin elf32-i386)
