
Allocating common symbols
Common symbol       size              file

user_pool           0x10              build/memory.o
intr_name           0x84              build/interrupt.o
kernel_vaddr        0xc               build/memory.o
idt_table           0x84              build/interrupt.o
kernel_pool         0x10              build/memory.o

Discarded input sections

 .note.GNU-stack
                0x0000000000000000        0x0 build/main.o
 .note.GNU-stack
                0x0000000000000000        0x0 build/init.o
 .note.GNU-stack
                0x0000000000000000        0x0 build/interrupt.o
 .note.GNU-stack
                0x0000000000000000        0x0 build/timer.o
 .note.GNU-stack
                0x0000000000000000        0x0 build/debug.o
 .note.GNU-stack
                0x0000000000000000        0x0 build/string.o
 .note.GNU-stack
                0x0000000000000000        0x0 build/memory.o
 .note.GNU-stack
                0x0000000000000000        0x0 build/bitmap.o

Memory Configuration

Name             Origin             Length             Attributes
*default*        0x0000000000000000 0xffffffffffffffff

Linker script and memory map

Address of section .text set to 0xc0001500
LOAD build/main.o
LOAD build/init.o
LOAD build/interrupt.o
LOAD build/timer.o
LOAD build/kernel.o
LOAD build/print.o
LOAD build/debug.o
LOAD build/string.o
LOAD build/memory.o
LOAD build/bitmap.o
                [!provide]                        PROVIDE (__executable_start = SEGMENT_START ("text-segment", 0x8048000))
                0x0000000008048094                . = (SEGMENT_START ("text-segment", 0x8048000) + SIZEOF_HEADERS)

.interp
 *(.interp)

.note.gnu.build-id
 *(.note.gnu.build-id)

.hash
 *(.hash)

.gnu.hash
 *(.gnu.hash)

.dynsym
 *(.dynsym)

.dynstr
 *(.dynstr)

.gnu.version
 *(.gnu.version)

.gnu.version_d
 *(.gnu.version_d)

.gnu.version_r
 *(.gnu.version_r)

.rel.dyn        0x0000000008048094        0x0
 *(.rel.init)
 *(.rel.text .rel.text.* .rel.gnu.linkonce.t.*)
 .rel.text      0x0000000008048094        0x0 build/main.o
 *(.rel.fini)
 *(.rel.rodata .rel.rodata.* .rel.gnu.linkonce.r.*)
 *(.rel.data.rel.ro .rel.data.rel.ro.* .rel.gnu.linkonce.d.rel.ro.*)
 *(.rel.data .rel.data.* .rel.gnu.linkonce.d.*)
 *(.rel.tdata .rel.tdata.* .rel.gnu.linkonce.td.*)
 *(.rel.tbss .rel.tbss.* .rel.gnu.linkonce.tb.*)
 *(.rel.ctors)
 *(.rel.dtors)
 *(.rel.got)
 .rel.got       0x0000000008048094        0x0 build/main.o
 *(.rel.bss .rel.bss.* .rel.gnu.linkonce.b.*)
 *(.rel.ifunc)

.rel.plt        0x0000000008048094        0x0
 *(.rel.plt)
                [!provide]                        PROVIDE (__rel_iplt_start = .)
 *(.rel.iplt)
 .rel.iplt      0x0000000008048094        0x0 build/main.o
                [!provide]                        PROVIDE (__rel_iplt_end = .)

.init
 *(SORT_NONE(.init))

.plt            0x0000000008048098        0x0
 *(.plt)
 *(.iplt)
 .iplt          0x0000000008048098        0x0 build/main.o

.plt.got
 *(.plt.got)

.plt.sec
 *(.plt.sec)

.text           0x00000000c0001500     0x16fa
 *(.text.unlikely .text.*_unlikely .text.unlikely.*)
 *(.text.exit .text.exit.*)
 *(.text.startup .text.startup.*)
 *(.text.hot .text.hot.*)
 *(.text .stub .text.* .gnu.linkonce.t.*)
 .text          0x00000000c0001500       0x84 build/main.o
                0x00000000c0001500                main
 .text          0x00000000c0001584       0x23 build/init.o
                0x00000000c0001584                init_all
 .text          0x00000000c00015a7      0x3b8 build/interrupt.o
                0x00000000c0001869                intr_enable
                0x00000000c0001892                intr_disable
                0x00000000c00018bb                intr_set_status
                0x00000000c00018d9                intr_get_status
                0x00000000c00018fd                idt_init
 .text          0x00000000c000195f       0xfd build/timer.o
                0x00000000c0001a10                timer_init
 *fill*         0x00000000c0001a5c        0x4 
 .text          0x00000000c0001a60      0x393 build/kernel.o
                0x00000000c0001a60                intr_exit
 *fill*         0x00000000c0001df3        0xd 
 .text          0x00000000c0001e00      0x14e build/print.o
                0x00000000c0001e00                put_str
                0x00000000c0001e1e                put_char
                0x00000000c0001eeb                put_int
 .text          0x00000000c0001f4e       0xa5 build/debug.o
                0x00000000c0001f4e                panic_spin
 .text          0x00000000c0001ff3      0x449 build/string.o
                0x00000000c0001ff3                memset
                0x00000000c000204f                memcpy
                0x00000000c00020bb                memcmp
                0x00000000c000214b                strcpy
                0x00000000c00021ad                strlen
                0x00000000c0002203                strcmp
                0x00000000c000228a                strchr
                0x00000000c00022ef                strrchr
                0x00000000c0002358                strcat
                0x00000000c00023cf                strchrs
 .text          0x00000000c000243c      0x558 build/memory.o
                0x00000000c00024c6                pte_ptr
                0x00000000c00024f6                pde_ptr
                0x00000000c00026a7                malloc_page
                0x00000000c0002771                get_kernel_pages
                0x00000000c000295f                mem_init
 .text          0x00000000c0002994      0x266 build/bitmap.o
                0x00000000c0002994                bitmap_init
                0x00000000c00029bb                bitmap_scan_test
                0x00000000c00029fb                bitmap_scan
                0x00000000c0002b3f                bitmap_set
 *(.gnu.warning)

.fini
 *(SORT_NONE(.fini))
                [!provide]                        PROVIDE (__etext = .)
                [!provide]                        PROVIDE (_etext = .)
                [!provide]                        PROVIDE (etext = .)

.rodata         0x00000000c0002bfc      0x57c
 *(.rodata .rodata.* .gnu.linkonce.r.*)
 .rodata        0x00000000c0002bfc       0x57 build/main.o
 .rodata        0x00000000c0002c53        0xa build/init.o
 *fill*         0x00000000c0002c5d        0x3 
 .rodata        0x00000000c0002c60      0x265 build/interrupt.o
 .rodata        0x00000000c0002ec5       0x23 build/timer.o
 .rodata        0x00000000c0002ee8       0x3f build/debug.o
 .rodata        0x00000000c0002f27       0xb9 build/string.o
 .rodata        0x00000000c0002fe0      0x12d build/memory.o
 *fill*         0x00000000c000310d        0x3 
 .rodata        0x00000000c0003110       0x68 build/bitmap.o

.rodata1
 *(.rodata1)

.eh_frame_hdr
 *(.eh_frame_hdr)
 *(.eh_frame_entry .eh_frame_entry.*)

.eh_frame       0x00000000c0003178      0x530
 *(.eh_frame)
 .eh_frame      0x00000000c0003178       0x34 build/main.o
 .eh_frame      0x00000000c00031ac       0x20 build/init.o
                                         0x38 (size before relaxing)
 .eh_frame      0x00000000c00031cc      0x168 build/interrupt.o
                                        0x180 (size before relaxing)
 .eh_frame      0x00000000c0003334       0x6c build/timer.o
                                         0x84 (size before relaxing)
 .eh_frame      0x00000000c00033a0       0x1c build/debug.o
                                         0x34 (size before relaxing)
 .eh_frame      0x00000000c00033bc      0x140 build/string.o
                                        0x158 (size before relaxing)
 .eh_frame      0x00000000c00034fc      0x120 build/memory.o
                                        0x138 (size before relaxing)
 .eh_frame      0x00000000c000361c       0x8c build/bitmap.o
                                         0xa4 (size before relaxing)
 *(.eh_frame.*)

.gcc_except_table
 *(.gcc_except_table .gcc_except_table.*)

.gnu_extab
 *(.gnu_extab*)

.exception_ranges
 *(.exception_ranges .exception_ranges*)
                0x00000000c0005000                . = DATA_SEGMENT_ALIGN (CONSTANT (MAXPAGESIZE), CONSTANT (COMMONPAGESIZE))

.eh_frame
 *(.eh_frame)
 *(.eh_frame.*)

.gnu_extab
 *(.gnu_extab)

.gcc_except_table
 *(.gcc_except_table .gcc_except_table.*)

.exception_ranges
 *(.exception_ranges .exception_ranges*)

.tdata
 *(.tdata .tdata.* .gnu.linkonce.td.*)

.tbss
 *(.tbss .tbss.* .gnu.linkonce.tb.*)
 *(.tcommon)

.preinit_array  0x00000000c0005000        0x0
                [!provide]                        PROVIDE (__preinit_array_start = .)
 *(.preinit_array)
                [!provide]                        PROVIDE (__preinit_array_end = .)

.init_array     0x00000000c0005000        0x0
                [!provide]                        PROVIDE (__init_array_start = .)
 *(SORT_BY_INIT_PRIORITY(.init_array.*) SORT_BY_INIT_PRIORITY(.ctors.*))
 *(.init_array EXCLUDE_FILE(*crtend?.o *crtend.o *crtbegin?.o *crtbegin.o) .ctors)
                [!provide]                        PROVIDE (__init_array_end = .)

.fini_array     0x00000000c0005000        0x0
                [!provide]                        PROVIDE (__fini_array_start = .)
 *(SORT_BY_INIT_PRIORITY(.fini_array.*) SORT_BY_INIT_PRIORITY(.dtors.*))
 *(.fini_array EXCLUDE_FILE(*crtend?.o *crtend.o *crtbegin?.o *crtbegin.o) .dtors)
                [!provide]                        PROVIDE (__fini_array_end = .)

.ctors
 *crtbegin.o(.ctors)
 *crtbegin?.o(.ctors)
 *(EXCLUDE_FILE(*crtend?.o *crtend.o) .ctors)
 *(SORT_BY_NAME(.ctors.*))
 *(.ctors)

.dtors
 *crtbegin.o(.dtors)
 *crtbegin?.o(.dtors)
 *(EXCLUDE_FILE(*crtend?.o *crtend.o) .dtors)
 *(SORT_BY_NAME(.dtors.*))
 *(.dtors)

.jcr
 *(.jcr)

.data.rel.ro
 *(.data.rel.ro.local* .gnu.linkonce.d.rel.ro.local.*)
 *(.data.rel.ro .data.rel.ro.* .gnu.linkonce.d.rel.ro.*)

.dynamic
 *(.dynamic)

.got            0x00000000c0005000        0x0
 *(.got)
 .got           0x00000000c0005000        0x0 build/main.o
 *(.igot)
                0x00000000c0005000                . = DATA_SEGMENT_RELRO_END (., (SIZEOF (.got.plt) >= 0xc)?0xc:0x0)

.got.plt        0x00000000c0005000        0x0
 *(.got.plt)
 .got.plt       0x00000000c0005000        0x0 build/main.o
 *(.igot.plt)
 .igot.plt      0x00000000c0005000        0x0 build/main.o

.data           0x00000000c0005000       0x8c
 *(.data .data.* .gnu.linkonce.d.*)
 .data          0x00000000c0005000        0x0 build/main.o
 .data          0x00000000c0005000        0x0 build/init.o
 .data          0x00000000c0005000        0x0 build/interrupt.o
 .data          0x00000000c0005000        0x0 build/timer.o
 .data          0x00000000c0005000       0x84 build/kernel.o
                0x00000000c0005000                intr_entry_table
 .data          0x00000000c0005084        0x8 build/print.o
 .data          0x00000000c000508c        0x0 build/debug.o
 .data          0x00000000c000508c        0x0 build/string.o
 .data          0x00000000c000508c        0x0 build/memory.o
 .data          0x00000000c000508c        0x0 build/bitmap.o

.data1
 *(.data1)
                0x00000000c000508c                _edata = .
                [!provide]                        PROVIDE (edata = .)
                0x00000000c000508c                . = .
                0x00000000c000508c                __bss_start = .

.bss            0x00000000c00050a0      0x270
 *(.dynbss)
 *(.bss .bss.* .gnu.linkonce.b.*)
 .bss           0x00000000c00050a0        0x0 build/main.o
 .bss           0x00000000c00050a0        0x0 build/init.o
 .bss           0x00000000c00050a0      0x108 build/interrupt.o
 .bss           0x00000000c00051a8        0x0 build/timer.o
 .bss           0x00000000c00051a8        0x0 build/debug.o
 .bss           0x00000000c00051a8        0x0 build/string.o
 .bss           0x00000000c00051a8        0x0 build/memory.o
 .bss           0x00000000c00051a8        0x0 build/bitmap.o
 *(COMMON)
 *fill*         0x00000000c00051a8       0x18 
 COMMON         0x00000000c00051c0      0x124 build/interrupt.o
                0x00000000c00051c0                intr_name
                0x00000000c0005260                idt_table
 COMMON         0x00000000c00052e4       0x2c build/memory.o
                0x00000000c00052e4                user_pool
                0x00000000c00052f4                kernel_vaddr
                0x00000000c0005300                kernel_pool
                0x00000000c0005310                . = ALIGN ((. != 0x0)?0x4:0x1)
                0x00000000c0005310                . = ALIGN (0x4)
                0x00000000c0005310                . = SEGMENT_START ("ldata-segment", .)
                0x00000000c0005310                . = ALIGN (0x4)
                0x00000000c0005310                _end = .
                [!provide]                        PROVIDE (end = .)
                0x00000000c0005310                . = DATA_SEGMENT_END (.)

.stab
 *(.stab)

.stabstr
 *(.stabstr)

.stab.excl
 *(.stab.excl)

.stab.exclstr
 *(.stab.exclstr)

.stab.index
 *(.stab.index)

.stab.indexstr
 *(.stab.indexstr)

.comment        0x0000000000000000       0x23
 *(.comment)
 .comment       0x0000000000000000       0x23 build/main.o
                                         0x24 (size before relaxing)
 .comment       0x0000000000000023       0x24 build/init.o
 .comment       0x0000000000000023       0x24 build/interrupt.o
 .comment       0x0000000000000023       0x24 build/timer.o
 .comment       0x0000000000000023       0x24 build/debug.o
 .comment       0x0000000000000023       0x24 build/string.o
 .comment       0x0000000000000023       0x24 build/memory.o
 .comment       0x0000000000000023       0x24 build/bitmap.o

.debug
 *(.debug)

.line
 *(.line)

.debug_srcinfo
 *(.debug_srcinfo)

.debug_sfnames
 *(.debug_sfnames)

.debug_aranges
 *(.debug_aranges)

.debug_pubnames
 *(.debug_pubnames)

.debug_info
 *(.debug_info .gnu.linkonce.wi.*)

.debug_abbrev
 *(.debug_abbrev)

.debug_line
 *(.debug_line .debug_line.* .debug_line_end)

.debug_frame
 *(.debug_frame)

.debug_str
 *(.debug_str)

.debug_loc
 *(.debug_loc)

.debug_macinfo
 *(.debug_macinfo)

.debug_weaknames
 *(.debug_weaknames)

.debug_funcnames
 *(.debug_funcnames)

.debug_typenames
 *(.debug_typenames)

.debug_varnames
 *(.debug_varnames)

.debug_pubtypes
 *(.debug_pubtypes)

.debug_ranges
 *(.debug_ranges)

.debug_macro
 *(.debug_macro)

.debug_addr
 *(.debug_addr)

.gnu.attributes
 *(.gnu.attributes)

/DISCARD/
 *(.note.GNU-stack)
 *(.gnu_debuglink)
 *(.gnu.lto_*)
OUTPUT(build/kernel.bin elf32-i386)
