
Allocating common symbols
Common symbol       size              file

thread_ready_list   0x10              build/thread.o
thread_all_list     0x10              build/thread.o
user_pool           0x10              build/memory.o
intr_name           0x84              build/interrupt.o
main_thread         0x4               build/thread.o
ticks               0x4               build/timer.o
kernel_vaddr        0xc               build/memory.o
idt_table           0x84              build/interrupt.o
kernel_pool         0x10              build/memory.o

Discarded input sections

 .note.GNU-stack
                0x0000000000000000        0x0 build/main.o
 .note.GNU-stack
                0x0000000000000000        0x0 build/init.o
 .note.GNU-stack
                0x0000000000000000        0x0 build/interrupt.o
 .note.GNU-stack
                0x0000000000000000        0x0 build/timer.o
 .note.GNU-stack
                0x0000000000000000        0x0 build/debug.o
 .note.GNU-stack
                0x0000000000000000        0x0 build/string.o
 .note.GNU-stack
                0x0000000000000000        0x0 build/memory.o
 .note.GNU-stack
                0x0000000000000000        0x0 build/bitmap.o
 .note.GNU-stack
                0x0000000000000000        0x0 build/thread.o
 .note.GNU-stack
                0x0000000000000000        0x0 build/list.o

Memory Configuration

Name             Origin             Length             Attributes
*default*        0x0000000000000000 0xffffffffffffffff

Linker script and memory map

Address of section .text set to 0xc0001500
LOAD build/main.o
LOAD build/init.o
LOAD build/interrupt.o
LOAD build/timer.o
LOAD build/kernel.o
LOAD build/print.o
LOAD build/debug.o
LOAD build/string.o
LOAD build/memory.o
LOAD build/bitmap.o
LOAD build/thread.o
LOAD build/list.o
LOAD build/switch.o
                [!provide]                        PROVIDE (__executable_start = SEGMENT_START ("text-segment", 0x8048000))
                0x0000000008048094                . = (SEGMENT_START ("text-segment", 0x8048000) + SIZEOF_HEADERS)

.interp
 *(.interp)

.note.gnu.build-id
 *(.note.gnu.build-id)

.hash
 *(.hash)

.gnu.hash
 *(.gnu.hash)

.dynsym
 *(.dynsym)

.dynstr
 *(.dynstr)

.gnu.version
 *(.gnu.version)

.gnu.version_d
 *(.gnu.version_d)

.gnu.version_r
 *(.gnu.version_r)

.rel.dyn        0x0000000008048094        0x0
 *(.rel.init)
 *(.rel.text .rel.text.* .rel.gnu.linkonce.t.*)
 .rel.text      0x0000000008048094        0x0 build/main.o
 *(.rel.fini)
 *(.rel.rodata .rel.rodata.* .rel.gnu.linkonce.r.*)
 *(.rel.data.rel.ro .rel.data.rel.ro.* .rel.gnu.linkonce.d.rel.ro.*)
 *(.rel.data .rel.data.* .rel.gnu.linkonce.d.*)
 *(.rel.tdata .rel.tdata.* .rel.gnu.linkonce.td.*)
 *(.rel.tbss .rel.tbss.* .rel.gnu.linkonce.tb.*)
 *(.rel.ctors)
 *(.rel.dtors)
 *(.rel.got)
 .rel.got       0x0000000008048094        0x0 build/main.o
 *(.rel.bss .rel.bss.* .rel.gnu.linkonce.b.*)
 *(.rel.ifunc)

.rel.plt        0x0000000008048094        0x0
 *(.rel.plt)
                [!provide]                        PROVIDE (__rel_iplt_start = .)
 *(.rel.iplt)
 .rel.iplt      0x0000000008048094        0x0 build/main.o
                [!provide]                        PROVIDE (__rel_iplt_end = .)

.init
 *(SORT_NONE(.init))

.plt            0x0000000008048098        0x0
 *(.plt)
 *(.iplt)
 .iplt          0x0000000008048098        0x0 build/main.o

.plt.got
 *(.plt.got)

.plt.sec
 *(.plt.sec)

.text           0x00000000c0001500     0x1ee5
 *(.text.unlikely .text.*_unlikely .text.unlikely.*)
 *(.text.exit .text.exit.*)
 *(.text.startup .text.startup.*)
 *(.text.hot .text.hot.*)
 *(.text .stub .text.* .gnu.linkonce.t.*)
 .text          0x00000000c0001500       0xc5 build/main.o
                0x00000000c0001500                main
                0x00000000c000157f                k_thread_a
                0x00000000c00015a2                k_thread_b
 .text          0x00000000c00015c5       0x28 build/init.o
                0x00000000c00015c5                init_all
 .text          0x00000000c00015ed      0x450 build/interrupt.o
                0x00000000c000192b                intr_enable
                0x00000000c0001954                intr_disable
                0x00000000c000197d                intr_set_status
                0x00000000c000199b                intr_get_status
                0x00000000c00019bf                register_handler
                0x00000000c00019db                idt_init
 .text          0x00000000c0001a3d      0x190 build/timer.o
                0x00000000c0001b6d                timer_init
 *fill*         0x00000000c0001bcd        0x3 
 .text          0x00000000c0001bd0      0x393 build/kernel.o
                0x00000000c0001bd0                intr_exit
 *fill*         0x00000000c0001f63        0xd 
 .text          0x00000000c0001f70      0x172 build/print.o
                0x00000000c0001f70                put_str
                0x00000000c0001f8e                put_char
                0x00000000c000205b                put_int
                0x00000000c00020be                set_cursor
 .text          0x00000000c00020e2       0xa5 build/debug.o
                0x00000000c00020e2                panic_spin
 .text          0x00000000c0002187      0x449 build/string.o
                0x00000000c0002187                memset
                0x00000000c00021e3                memcpy
                0x00000000c000224f                memcmp
                0x00000000c00022df                strcpy
                0x00000000c0002341                strlen
                0x00000000c0002397                strcmp
                0x00000000c000241e                strchr
                0x00000000c0002483                strrchr
                0x00000000c00024ec                strcat
                0x00000000c0002563                strchrs
 .text          0x00000000c00025d0      0x558 build/memory.o
                0x00000000c000265a                pte_ptr
                0x00000000c000268a                pde_ptr
                0x00000000c000283b                malloc_page
                0x00000000c0002905                get_kernel_pages
                0x00000000c0002af3                mem_init
 .text          0x00000000c0002b28      0x266 build/bitmap.o
                0x00000000c0002b28                bitmap_init
                0x00000000c0002b4f                bitmap_scan_test
                0x00000000c0002b8f                bitmap_scan
                0x00000000c0002cd3                bitmap_set
 .text          0x00000000c0002d8e      0x41e build/thread.o
                0x00000000c0002d8e                running_thread
                0x00000000c0002dbb                thread_create
                0x00000000c0002e31                init_thread
                0x00000000c0002ecc                thread_start
                0x00000000c0003047                schedule
                0x00000000c000316f                thread_init
 .text          0x00000000c00031ac      0x21a build/list.o
                0x00000000c00031ac                list_init
                0x00000000c00031d9                list_insert_before
                0x00000000c000321a                list_push
                0x00000000c0003237                list_append
                0x00000000c0003254                list_remove
                0x00000000c000328a                list_pop
                0x00000000c00032e0                list_empty
                0x00000000c00032f9                list_len
                0x00000000c000332e                list_traversal
                0x00000000c000338b                elem_find
 *fill*         0x00000000c00033c6        0xa 
 .text          0x00000000c00033d0       0x15 build/switch.o
                0x00000000c00033d0                switch_to
 *(.gnu.warning)

.fini
 *(SORT_NONE(.fini))
                [!provide]                        PROVIDE (__etext = .)
                [!provide]                        PROVIDE (_etext = .)
                [!provide]                        PROVIDE (etext = .)

.rodata         0x00000000c00033e8      0x7c4
 *(.rodata .rodata.* .gnu.linkonce.r.*)
 .rodata        0x00000000c00033e8       0x35 build/main.o
 .rodata        0x00000000c000341d        0xa build/init.o
 *fill*         0x00000000c0003427        0x1 
 .rodata        0x00000000c0003428      0x2cd build/interrupt.o
 *fill*         0x00000000c00036f5        0x3 
 .rodata        0x00000000c00036f8       0x6b build/timer.o
 .rodata        0x00000000c0003763       0x3f build/debug.o
 .rodata        0x00000000c00037a2       0xb9 build/string.o
 *fill*         0x00000000c000385b        0x1 
 .rodata        0x00000000c000385c      0x12d build/memory.o
 *fill*         0x00000000c0003989        0x3 
 .rodata        0x00000000c000398c       0x68 build/bitmap.o
 .rodata        0x00000000c00039f4      0x17c build/thread.o
 .rodata        0x00000000c0003b70       0x3c build/list.o

.rodata1
 *(.rodata1)

.eh_frame_hdr
 *(.eh_frame_hdr)
 *(.eh_frame_entry .eh_frame_entry.*)

.eh_frame       0x00000000c0003bac      0x7e8
 *(.eh_frame)
 .eh_frame      0x00000000c0003bac       0x6c build/main.o
 .eh_frame      0x00000000c0003c18       0x20 build/init.o
                                         0x38 (size before relaxing)
 .eh_frame      0x00000000c0003c38      0x188 build/interrupt.o
                                        0x1a0 (size before relaxing)
 .eh_frame      0x00000000c0003dc0       0x8c build/timer.o
                                         0xa4 (size before relaxing)
 .eh_frame      0x00000000c0003e4c       0x1c build/debug.o
                                         0x34 (size before relaxing)
 .eh_frame      0x00000000c0003e68      0x140 build/string.o
                                        0x158 (size before relaxing)
 .eh_frame      0x00000000c0003fa8      0x120 build/memory.o
                                        0x138 (size before relaxing)
 .eh_frame      0x00000000c00040c8       0x8c build/bitmap.o
                                         0xa4 (size before relaxing)
 .eh_frame      0x00000000c0004154      0x100 build/thread.o
                                        0x118 (size before relaxing)
 .eh_frame      0x00000000c0004254      0x140 build/list.o
                                        0x158 (size before relaxing)
 *(.eh_frame.*)

.gcc_except_table
 *(.gcc_except_table .gcc_except_table.*)

.gnu_extab
 *(.gnu_extab*)

.exception_ranges
 *(.exception_ranges .exception_ranges*)
                0x00000000c0006000                . = DATA_SEGMENT_ALIGN (CONSTANT (MAXPAGESIZE), CONSTANT (COMMONPAGESIZE))

.eh_frame
 *(.eh_frame)
 *(.eh_frame.*)

.gnu_extab
 *(.gnu_extab)

.gcc_except_table
 *(.gcc_except_table .gcc_except_table.*)

.exception_ranges
 *(.exception_ranges .exception_ranges*)

.tdata
 *(.tdata .tdata.* .gnu.linkonce.td.*)

.tbss
 *(.tbss .tbss.* .gnu.linkonce.tb.*)
 *(.tcommon)

.preinit_array  0x00000000c0006000        0x0
                [!provide]                        PROVIDE (__preinit_array_start = .)
 *(.preinit_array)
                [!provide]                        PROVIDE (__preinit_array_end = .)

.init_array     0x00000000c0006000        0x0
                [!provide]                        PROVIDE (__init_array_start = .)
 *(SORT_BY_INIT_PRIORITY(.init_array.*) SORT_BY_INIT_PRIORITY(.ctors.*))
 *(.init_array EXCLUDE_FILE(*crtend?.o *crtend.o *crtbegin?.o *crtbegin.o) .ctors)
                [!provide]                        PROVIDE (__init_array_end = .)

.fini_array     0x00000000c0006000        0x0
                [!provide]                        PROVIDE (__fini_array_start = .)
 *(SORT_BY_INIT_PRIORITY(.fini_array.*) SORT_BY_INIT_PRIORITY(.dtors.*))
 *(.fini_array EXCLUDE_FILE(*crtend?.o *crtend.o *crtbegin?.o *crtbegin.o) .dtors)
                [!provide]                        PROVIDE (__fini_array_end = .)

.ctors
 *crtbegin.o(.ctors)
 *crtbegin?.o(.ctors)
 *(EXCLUDE_FILE(*crtend?.o *crtend.o) .ctors)
 *(SORT_BY_NAME(.ctors.*))
 *(.ctors)

.dtors
 *crtbegin.o(.dtors)
 *crtbegin?.o(.dtors)
 *(EXCLUDE_FILE(*crtend?.o *crtend.o) .dtors)
 *(SORT_BY_NAME(.dtors.*))
 *(.dtors)

.jcr
 *(.jcr)

.data.rel.ro
 *(.data.rel.ro.local* .gnu.linkonce.d.rel.ro.local.*)
 *(.data.rel.ro .data.rel.ro.* .gnu.linkonce.d.rel.ro.*)

.dynamic
 *(.dynamic)

.got            0x00000000c0006000        0x0
 *(.got)
 .got           0x00000000c0006000        0x0 build/main.o
 *(.igot)
                0x00000000c0006000                . = DATA_SEGMENT_RELRO_END (., (SIZEOF (.got.plt) >= 0xc)?0xc:0x0)

.got.plt        0x00000000c0006000        0x0
 *(.got.plt)
 .got.plt       0x00000000c0006000        0x0 build/main.o
 *(.igot.plt)
 .igot.plt      0x00000000c0006000        0x0 build/main.o

.data           0x00000000c0006000       0x8c
 *(.data .data.* .gnu.linkonce.d.*)
 .data          0x00000000c0006000        0x0 build/main.o
 .data          0x00000000c0006000        0x0 build/init.o
 .data          0x00000000c0006000        0x0 build/interrupt.o
 .data          0x00000000c0006000        0x0 build/timer.o
 .data          0x00000000c0006000       0x84 build/kernel.o
                0x00000000c0006000                intr_entry_table
 .data          0x00000000c0006084        0x8 build/print.o
 .data          0x00000000c000608c        0x0 build/debug.o
 .data          0x00000000c000608c        0x0 build/string.o
 .data          0x00000000c000608c        0x0 build/memory.o
 .data          0x00000000c000608c        0x0 build/bitmap.o
 .data          0x00000000c000608c        0x0 build/thread.o
 .data          0x00000000c000608c        0x0 build/list.o

.data1
 *(.data1)
                0x00000000c000608c                _edata = .
                [!provide]                        PROVIDE (edata = .)
                0x00000000c000608c                . = .
                0x00000000c000608c                __bss_start = .

.bss            0x00000000c00060a0      0x298
 *(.dynbss)
 *(.bss .bss.* .gnu.linkonce.b.*)
 .bss           0x00000000c00060a0        0x0 build/main.o
 .bss           0x00000000c00060a0        0x0 build/init.o
 .bss           0x00000000c00060a0      0x108 build/interrupt.o
 .bss           0x00000000c00061a8        0x0 build/timer.o
 .bss           0x00000000c00061a8        0x0 build/debug.o
 .bss           0x00000000c00061a8        0x0 build/string.o
 .bss           0x00000000c00061a8        0x0 build/memory.o
 .bss           0x00000000c00061a8        0x0 build/bitmap.o
 .bss           0x00000000c00061a8        0x4 build/thread.o
 .bss           0x00000000c00061ac        0x0 build/list.o
 *(COMMON)
 *fill*         0x00000000c00061ac       0x14 
 COMMON         0x00000000c00061c0      0x124 build/interrupt.o
                0x00000000c00061c0                intr_name
                0x00000000c0006260                idt_table
 COMMON         0x00000000c00062e4        0x4 build/timer.o
                0x00000000c00062e4                ticks
 COMMON         0x00000000c00062e8       0x2c build/memory.o
                0x00000000c00062e8                user_pool
                0x00000000c00062f8                kernel_vaddr
                0x00000000c0006304                kernel_pool
 COMMON         0x00000000c0006314       0x24 build/thread.o
                0x00000000c0006314                thread_ready_list
                0x00000000c0006324                thread_all_list
                0x00000000c0006334                main_thread
                0x00000000c0006338                . = ALIGN ((. != 0x0)?0x4:0x1)
                0x00000000c0006338                . = ALIGN (0x4)
                0x00000000c0006338                . = SEGMENT_START ("ldata-segment", .)
                0x00000000c0006338                . = ALIGN (0x4)
                0x00000000c0006338                _end = .
                [!provide]                        PROVIDE (end = .)
                0x00000000c0006338                . = DATA_SEGMENT_END (.)

.stab
 *(.stab)

.stabstr
 *(.stabstr)

.stab.excl
 *(.stab.excl)

.stab.exclstr
 *(.stab.exclstr)

.stab.index
 *(.stab.index)

.stab.indexstr
 *(.stab.indexstr)

.comment        0x0000000000000000       0x23
 *(.comment)
 .comment       0x0000000000000000       0x23 build/main.o
                                         0x24 (size before relaxing)
 .comment       0x0000000000000023       0x24 build/init.o
 .comment       0x0000000000000023       0x24 build/interrupt.o
 .comment       0x0000000000000023       0x24 build/timer.o
 .comment       0x0000000000000023       0x24 build/debug.o
 .comment       0x0000000000000023       0x24 build/string.o
 .comment       0x0000000000000023       0x24 build/memory.o
 .comment       0x0000000000000023       0x24 build/bitmap.o
 .comment       0x0000000000000023       0x24 build/thread.o
 .comment       0x0000000000000023       0x24 build/list.o

.debug
 *(.debug)

.line
 *(.line)

.debug_srcinfo
 *(.debug_srcinfo)

.debug_sfnames
 *(.debug_sfnames)

.debug_aranges
 *(.debug_aranges)

.debug_pubnames
 *(.debug_pubnames)

.debug_info
 *(.debug_info .gnu.linkonce.wi.*)

.debug_abbrev
 *(.debug_abbrev)

.debug_line
 *(.debug_line .debug_line.* .debug_line_end)

.debug_frame
 *(.debug_frame)

.debug_str
 *(.debug_str)

.debug_loc
 *(.debug_loc)

.debug_macinfo
 *(.debug_macinfo)

.debug_weaknames
 *(.debug_weaknames)

.debug_funcnames
 *(.debug_funcnames)

.debug_typenames
 *(.debug_typenames)

.debug_varnames
 *(.debug_varnames)

.debug_pubtypes
 *(.debug_pubtypes)

.debug_ranges
 *(.debug_ranges)

.debug_macro
 *(.debug_macro)

.debug_addr
 *(.debug_addr)

.gnu.attributes
 *(.gnu.attributes)

/DISCARD/
 *(.note.GNU-stack)
 *(.gnu_debuglink)
 *(.gnu.lto_*)
OUTPUT(build/kernel.bin elf32-i386)
