
Allocating common symbols
Common symbol       size              file

kbd_buf             0x6c              build/keyboard.o
thread_ready_list   0x10              build/thread.o
thread_all_list     0x10              build/thread.o
user_pool           0x2c              build/memory.o
intr_name           0x204             build/interrupt.o
main_thread         0x4               build/thread.o
ticks               0x4               build/timer.o
kernel_vaddr        0xc               build/memory.o
syscall_table       0x80              build/syscall-init.o
idt_table           0x204             build/interrupt.o
kernel_pool         0x2c              build/memory.o
pid_lock            0x1c              build/thread.o

Discarded input sections

 .note.GNU-stack
                0x0000000000000000        0x0 build/main.o
 .note.GNU-stack
                0x0000000000000000        0x0 build/init.o
 .note.GNU-stack
                0x0000000000000000        0x0 build/interrupt.o
 .note.GNU-stack
                0x0000000000000000        0x0 build/timer.o
 .note.GNU-stack
                0x0000000000000000        0x0 build/debug.o
 .note.GNU-stack
                0x0000000000000000        0x0 build/string.o
 .note.GNU-stack
                0x0000000000000000        0x0 build/memory.o
 .note.GNU-stack
                0x0000000000000000        0x0 build/bitmap.o
 .note.GNU-stack
                0x0000000000000000        0x0 build/thread.o
 .note.GNU-stack
                0x0000000000000000        0x0 build/list.o
 .note.GNU-stack
                0x0000000000000000        0x0 build/sync.o
 .note.GNU-stack
                0x0000000000000000        0x0 build/console.o
 .note.GNU-stack
                0x0000000000000000        0x0 build/keyboard.o
 .note.GNU-stack
                0x0000000000000000        0x0 build/ioqueue.o
 .note.GNU-stack
                0x0000000000000000        0x0 build/tss.o
 .note.GNU-stack
                0x0000000000000000        0x0 build/process.o
 .note.GNU-stack
                0x0000000000000000        0x0 build/syscall-init.o
 .note.GNU-stack
                0x0000000000000000        0x0 build/syscall.o

Memory Configuration

Name             Origin             Length             Attributes
*default*        0x0000000000000000 0xffffffffffffffff

Linker script and memory map

Address of section .text set to 0xc0001500
LOAD build/main.o
LOAD build/init.o
LOAD build/interrupt.o
LOAD build/timer.o
LOAD build/kernel.o
LOAD build/print.o
LOAD build/switch.o
LOAD build/debug.o
LOAD build/string.o
LOAD build/memory.o
LOAD build/bitmap.o
LOAD build/thread.o
LOAD build/list.o
LOAD build/sync.o
LOAD build/console.o
LOAD build/keyboard.o
LOAD build/ioqueue.o
LOAD build/tss.o
LOAD build/process.o
LOAD build/syscall-init.o
LOAD build/syscall.o
                [!provide]                        PROVIDE (__executable_start = SEGMENT_START ("text-segment", 0x8048000))
                0x0000000008048094                . = (SEGMENT_START ("text-segment", 0x8048000) + SIZEOF_HEADERS)

.interp
 *(.interp)

.note.gnu.build-id
 *(.note.gnu.build-id)

.hash
 *(.hash)

.gnu.hash
 *(.gnu.hash)

.dynsym
 *(.dynsym)

.dynstr
 *(.dynstr)

.gnu.version
 *(.gnu.version)

.gnu.version_d
 *(.gnu.version_d)

.gnu.version_r
 *(.gnu.version_r)

.rel.dyn        0x0000000008048094        0x0
 *(.rel.init)
 *(.rel.text .rel.text.* .rel.gnu.linkonce.t.*)
 .rel.text      0x0000000008048094        0x0 build/main.o
 *(.rel.fini)
 *(.rel.rodata .rel.rodata.* .rel.gnu.linkonce.r.*)
 *(.rel.data.rel.ro .rel.data.rel.ro.* .rel.gnu.linkonce.d.rel.ro.*)
 *(.rel.data .rel.data.* .rel.gnu.linkonce.d.*)
 *(.rel.tdata .rel.tdata.* .rel.gnu.linkonce.td.*)
 *(.rel.tbss .rel.tbss.* .rel.gnu.linkonce.tb.*)
 *(.rel.ctors)
 *(.rel.dtors)
 *(.rel.got)
 .rel.got       0x0000000008048094        0x0 build/main.o
 *(.rel.bss .rel.bss.* .rel.gnu.linkonce.b.*)
 *(.rel.ifunc)

.rel.plt        0x0000000008048094        0x0
 *(.rel.plt)
                [!provide]                        PROVIDE (__rel_iplt_start = .)
 *(.rel.iplt)
 .rel.iplt      0x0000000008048094        0x0 build/main.o
                [!provide]                        PROVIDE (__rel_iplt_end = .)

.init
 *(SORT_NONE(.init))

.plt            0x0000000008048098        0x0
 *(.plt)
 *(.iplt)
 .iplt          0x0000000008048098        0x0 build/main.o

.plt.got
 *(.plt.got)

.plt.sec
 *(.plt.sec)

.text           0x00000000c0001500     0x3593
 *(.text.unlikely .text.*_unlikely .text.unlikely.*)
 *(.text.exit .text.exit.*)
 *(.text.startup .text.startup.*)
 *(.text.hot .text.hot.*)
 *(.text .stub .text.* .gnu.linkonce.t.*)
 .text          0x00000000c0001500      0x18a build/main.o
                0x00000000c0001500                main
                0x00000000c00015b6                k_thread_a
                0x00000000c000160e                k_thread_b
                0x00000000c0001666                u_prog_a
                0x00000000c0001678                u_prog_b
 .text          0x00000000c000168a       0x3c build/init.o
                0x00000000c000168a                init_all
 .text          0x00000000c00016c6      0x480 build/interrupt.o
                0x00000000c0001a34                intr_enable
                0x00000000c0001a5d                intr_disable
                0x00000000c0001a86                intr_set_status
                0x00000000c0001aa4                intr_get_status
                0x00000000c0001ac8                register_handler
                0x00000000c0001ae4                idt_init
 .text          0x00000000c0001b46      0x190 build/timer.o
                0x00000000c0001c76                timer_init
 *fill*         0x00000000c0001cd6        0xa 
 .text          0x00000000c0001ce0      0x55b build/kernel.o
                0x00000000c0001ce0                intr_exit
                0x00000000c0002217                syscall_handler
 *fill*         0x00000000c000223b        0x5 
 .text          0x00000000c0002240      0x172 build/print.o
                0x00000000c0002240                put_str
                0x00000000c000225e                put_char
                0x00000000c000232b                put_int
                0x00000000c000238e                set_cursor
 *fill*         0x00000000c00023b2        0xe 
 .text          0x00000000c00023c0       0x15 build/switch.o
                0x00000000c00023c0                switch_to
 .text          0x00000000c00023d5       0xa5 build/debug.o
                0x00000000c00023d5                panic_spin
 .text          0x00000000c000247a      0x449 build/string.o
                0x00000000c000247a                memset
                0x00000000c00024d6                memcpy
                0x00000000c0002542                memcmp
                0x00000000c00025d2                strcpy
                0x00000000c0002634                strlen
                0x00000000c000268a                strcmp
                0x00000000c0002711                strchr
                0x00000000c0002776                strrchr
                0x00000000c00027df                strcat
                0x00000000c0002856                strchrs
 .text          0x00000000c00028c3      0x852 build/memory.o
                0x00000000c00029f3                pte_ptr
                0x00000000c0002a23                pde_ptr
                0x00000000c0002bc3                malloc_page
                0x00000000c0002c8d                get_kernel_pages
                0x00000000c0002ce9                get_user_pages
                0x00000000c0002d3f                get_a_page
                0x00000000c0002eb7                addr_v2p
                0x00000000c00030bd                mem_init
 .text          0x00000000c0003115      0x266 build/bitmap.o
                0x00000000c0003115                bitmap_init
                0x00000000c000313c                bitmap_scan_test
                0x00000000c000317c                bitmap_scan
                0x00000000c00032c0                bitmap_set
 .text          0x00000000c000337b      0x5ea build/thread.o
                0x00000000c000337b                running_thread
                0x00000000c00033df                thread_create
                0x00000000c0003455                init_thread
                0x00000000c00034fc                thread_start
                0x00000000c0003677                schedule
                0x00000000c00037aa                thread_block
                0x00000000c0003811                thread_unblock
                0x00000000c000391c                thread_init
 .text          0x00000000c0003965      0x21a build/list.o
                0x00000000c0003965                list_init
                0x00000000c0003992                list_insert_before
                0x00000000c00039d3                list_push
                0x00000000c00039f0                list_append
                0x00000000c0003a0d                list_remove
                0x00000000c0003a43                list_pop
                0x00000000c0003a99                list_empty
                0x00000000c0003ab2                list_len
                0x00000000c0003ae7                list_traversal
                0x00000000c0003b44                elem_find
 .text          0x00000000c0003b7f      0x347 build/sync.o
                0x00000000c0003b7f                sema_init
                0x00000000c0003ba4                lock_init
                0x00000000c0003bd5                sema_down
                0x00000000c0003ce9                sema_up
                0x00000000c0003d9f                lock_acquire
                0x00000000c0003e1b                lock_release
 .text          0x00000000c0003ec6       0x9a build/console.o
                0x00000000c0003ec6                console_init
                0x00000000c0003eda                console_acquire
                0x00000000c0003eee                console_release
                0x00000000c0003f02                console_put_str
                0x00000000c0003f1f                console_put_char
                0x00000000c0003f43                console_put_int
 .text          0x00000000c0003f60      0x2ed build/keyboard.o
                0x00000000c000420d                keyboard_init
 .text          0x00000000c000424d      0x2ef build/ioqueue.o
                0x00000000c000424d                ioqueue_init
                0x00000000c00042a8                ioq_full
                0x00000000c00043e0                ioq_getchar
                0x00000000c000448d                ioq_putchar
 .text          0x00000000c000453c      0x1af build/tss.o
                0x00000000c000453c                update_tss_esp
                0x00000000c00045bd                tss_init
 .text          0x00000000c00046eb      0x357 build/process.o
                0x00000000c00046eb                start_process
                0x00000000c00047f1                page_dir_activate
                0x00000000c0004821                process_activate
                0x00000000c0004873                create_page_dir
                0x00000000c00048e4                create_user_vaddr_bitmap
                0x00000000c0004926                process_execute
 .text          0x00000000c0004a42       0x3c build/syscall-init.o
                0x00000000c0004a42                sys_getpid
                0x00000000c0004a54                syscall_init
 .text          0x00000000c0004a7e       0x15 build/syscall.o
                0x00000000c0004a7e                getpid
 *(.gnu.warning)

.fini
 *(SORT_NONE(.fini))
                [!provide]                        PROVIDE (__etext = .)
                [!provide]                        PROVIDE (_etext = .)
                [!provide]                        PROVIDE (etext = .)

.rodata         0x00000000c0004a94      0xd3c
 *(.rodata .rodata.* .gnu.linkonce.r.*)
 .rodata        0x00000000c0004a94       0x94 build/main.o
 .rodata        0x00000000c0004b28        0xa build/init.o
 *fill*         0x00000000c0004b32        0x2 
 .rodata        0x00000000c0004b34      0x2cd build/interrupt.o
 *fill*         0x00000000c0004e01        0x3 
 .rodata        0x00000000c0004e04       0x6b build/timer.o
 .rodata        0x00000000c0004e6f       0x3f build/debug.o
 .rodata        0x00000000c0004eae       0xb9 build/string.o
 *fill*         0x00000000c0004f67        0x1 
 .rodata        0x00000000c0004f68      0x1d3 build/memory.o
 *fill*         0x00000000c000513b        0x1 
 .rodata        0x00000000c000513c       0x68 build/bitmap.o
 .rodata        0x00000000c00051a4      0x2be build/thread.o
 *fill*         0x00000000c0005462        0x2 
 .rodata        0x00000000c0005464       0x3c build/list.o
 .rodata        0x00000000c00054a0      0x12f build/sync.o
 .rodata        0x00000000c00055cf       0x36 build/keyboard.o
 *fill*         0x00000000c0005605        0x3 
 .rodata        0x00000000c0005608       0x9d build/ioqueue.o
 .rodata        0x00000000c00056a5       0x27 build/tss.o
 .rodata        0x00000000c00056cc       0xdd build/process.o
 .rodata        0x00000000c00057a9       0x27 build/syscall-init.o

.rodata1
 *(.rodata1)

.eh_frame_hdr
 *(.eh_frame_hdr)
 *(.eh_frame_entry .eh_frame_entry.*)

.eh_frame       0x00000000c00057d0      0xd4c
 *(.eh_frame)
 .eh_frame      0x00000000c00057d0       0xa4 build/main.o
 .eh_frame      0x00000000c0005874       0x20 build/init.o
                                         0x38 (size before relaxing)
 .eh_frame      0x00000000c0005894      0x188 build/interrupt.o
                                        0x1a0 (size before relaxing)
 .eh_frame      0x00000000c0005a1c       0x8c build/timer.o
                                         0xa4 (size before relaxing)
 .eh_frame      0x00000000c0005aa8       0x1c build/debug.o
                                         0x34 (size before relaxing)
 .eh_frame      0x00000000c0005ac4      0x140 build/string.o
                                        0x158 (size before relaxing)
 .eh_frame      0x00000000c0005c04      0x180 build/memory.o
                                        0x198 (size before relaxing)
 .eh_frame      0x00000000c0005d84       0x8c build/bitmap.o
                                         0xa4 (size before relaxing)
 .eh_frame      0x00000000c0005e10      0x160 build/thread.o
                                        0x178 (size before relaxing)
 .eh_frame      0x00000000c0005f70      0x140 build/list.o
                                        0x158 (size before relaxing)
 .eh_frame      0x00000000c00060b0       0xc8 build/sync.o
                                         0xe0 (size before relaxing)
 .eh_frame      0x00000000c0006178       0xc0 build/console.o
                                         0xd8 (size before relaxing)
 .eh_frame      0x00000000c0006238       0x60 build/keyboard.o
                                         0x78 (size before relaxing)
 .eh_frame      0x00000000c0006298      0x100 build/ioqueue.o
                                        0x118 (size before relaxing)
 .eh_frame      0x00000000c0006398       0x64 build/tss.o
                                         0x7c (size before relaxing)
 .eh_frame      0x00000000c00063fc       0xc0 build/process.o
                                         0xd8 (size before relaxing)
 .eh_frame      0x00000000c00064bc       0x40 build/syscall-init.o
                                         0x58 (size before relaxing)
 .eh_frame      0x00000000c00064fc       0x20 build/syscall.o
                                         0x38 (size before relaxing)
 *(.eh_frame.*)

.gcc_except_table
 *(.gcc_except_table .gcc_except_table.*)

.gnu_extab
 *(.gnu_extab*)

.exception_ranges
 *(.exception_ranges .exception_ranges*)
                0x00000000c0008000                . = DATA_SEGMENT_ALIGN (CONSTANT (MAXPAGESIZE), CONSTANT (COMMONPAGESIZE))

.eh_frame
 *(.eh_frame)
 *(.eh_frame.*)

.gnu_extab
 *(.gnu_extab)

.gcc_except_table
 *(.gcc_except_table .gcc_except_table.*)

.exception_ranges
 *(.exception_ranges .exception_ranges*)

.tdata
 *(.tdata .tdata.* .gnu.linkonce.td.*)

.tbss
 *(.tbss .tbss.* .gnu.linkonce.tb.*)
 *(.tcommon)

.preinit_array  0x00000000c0008000        0x0
                [!provide]                        PROVIDE (__preinit_array_start = .)
 *(.preinit_array)
                [!provide]                        PROVIDE (__preinit_array_end = .)

.init_array     0x00000000c0008000        0x0
                [!provide]                        PROVIDE (__init_array_start = .)
 *(SORT_BY_INIT_PRIORITY(.init_array.*) SORT_BY_INIT_PRIORITY(.ctors.*))
 *(.init_array EXCLUDE_FILE(*crtend?.o *crtend.o *crtbegin?.o *crtbegin.o) .ctors)
                [!provide]                        PROVIDE (__init_array_end = .)

.fini_array     0x00000000c0008000        0x0
                [!provide]                        PROVIDE (__fini_array_start = .)
 *(SORT_BY_INIT_PRIORITY(.fini_array.*) SORT_BY_INIT_PRIORITY(.dtors.*))
 *(.fini_array EXCLUDE_FILE(*crtend?.o *crtend.o *crtbegin?.o *crtbegin.o) .dtors)
                [!provide]                        PROVIDE (__fini_array_end = .)

.ctors
 *crtbegin.o(.ctors)
 *crtbegin?.o(.ctors)
 *(EXCLUDE_FILE(*crtend?.o *crtend.o) .ctors)
 *(SORT_BY_NAME(.ctors.*))
 *(.ctors)

.dtors
 *crtbegin.o(.dtors)
 *crtbegin?.o(.dtors)
 *(EXCLUDE_FILE(*crtend?.o *crtend.o) .dtors)
 *(SORT_BY_NAME(.dtors.*))
 *(.dtors)

.jcr
 *(.jcr)

.data.rel.ro
 *(.data.rel.ro.local* .gnu.linkonce.d.rel.ro.local.*)
 *(.data.rel.ro .data.rel.ro.* .gnu.linkonce.d.rel.ro.*)

.dynamic
 *(.dynamic)

.got            0x00000000c0008000        0x0
 *(.got)
 .got           0x00000000c0008000        0x0 build/main.o
 *(.igot)
                0x00000000c0008000                . = DATA_SEGMENT_RELRO_END (., (SIZEOF (.got.plt) >= 0xc)?0xc:0x0)

.got.plt        0x00000000c0008000        0x0
 *(.got.plt)
 .got.plt       0x00000000c0008000        0x0 build/main.o
 *(.igot.plt)
 .igot.plt      0x00000000c0008000        0x0 build/main.o

.data           0x00000000c0008000      0x156
 *(.data .data.* .gnu.linkonce.d.*)
 .data          0x00000000c0008000        0x0 build/main.o
 .data          0x00000000c0008000        0x0 build/init.o
 .data          0x00000000c0008000        0x0 build/interrupt.o
 .data          0x00000000c0008000        0x0 build/timer.o
 .data          0x00000000c0008000       0xc0 build/kernel.o
                0x00000000c0008000                intr_entry_table
 .data          0x00000000c00080c0        0x8 build/print.o
 .data          0x00000000c00080c8        0x0 build/debug.o
 .data          0x00000000c00080c8        0x0 build/string.o
 .data          0x00000000c00080c8        0x0 build/memory.o
 .data          0x00000000c00080c8        0x0 build/bitmap.o
 .data          0x00000000c00080c8        0x0 build/thread.o
 .data          0x00000000c00080c8        0x0 build/list.o
 .data          0x00000000c00080c8        0x0 build/sync.o
 .data          0x00000000c00080c8        0x0 build/console.o
 *fill*         0x00000000c00080c8       0x18 
 .data          0x00000000c00080e0       0x76 build/keyboard.o
 .data          0x00000000c0008156        0x0 build/ioqueue.o
 .data          0x00000000c0008156        0x0 build/tss.o
 .data          0x00000000c0008156        0x0 build/process.o
 .data          0x00000000c0008156        0x0 build/syscall-init.o
 .data          0x00000000c0008156        0x0 build/syscall.o

.data1
 *(.data1)
                0x00000000c0008156                _edata = .
                [!provide]                        PROVIDE (edata = .)
                0x00000000c0008156                . = .
                0x00000000c0008156                __bss_start = .

.bss            0x00000000c0008160      0xae0
 *(.dynbss)
 *(.bss .bss.* .gnu.linkonce.b.*)
 .bss           0x00000000c0008160        0x8 build/main.o
                0x00000000c0008160                prog_a_pid
                0x00000000c0008164                prog_b_pid
 .bss           0x00000000c0008168        0x0 build/init.o
 *fill*         0x00000000c0008168       0x18 
 .bss           0x00000000c0008180      0x408 build/interrupt.o
 .bss           0x00000000c0008588        0x0 build/timer.o
 .bss           0x00000000c0008588        0x0 build/debug.o
 .bss           0x00000000c0008588        0x0 build/string.o
 .bss           0x00000000c0008588        0x0 build/memory.o
 .bss           0x00000000c0008588        0x0 build/bitmap.o
 .bss           0x00000000c0008588        0x6 build/thread.o
 .bss           0x00000000c000858e        0x0 build/list.o
 .bss           0x00000000c000858e        0x0 build/sync.o
 *fill*         0x00000000c000858e        0x2 
 .bss           0x00000000c0008590       0x1c build/console.o
 .bss           0x00000000c00085ac       0x14 build/keyboard.o
 .bss           0x00000000c00085c0        0x0 build/ioqueue.o
 .bss           0x00000000c00085c0       0x6c build/tss.o
 .bss           0x00000000c000862c        0x0 build/process.o
 .bss           0x00000000c000862c        0x0 build/syscall-init.o
 .bss           0x00000000c000862c        0x0 build/syscall.o
 *(COMMON)
 *fill*         0x00000000c000862c       0x14 
 COMMON         0x00000000c0008640      0x424 build/interrupt.o
                0x00000000c0008640                intr_name
                0x00000000c0008860                idt_table
 COMMON         0x00000000c0008a64        0x4 build/timer.o
                0x00000000c0008a64                ticks
 *fill*         0x00000000c0008a68       0x18 
 COMMON         0x00000000c0008a80       0x6c build/memory.o
                0x00000000c0008a80                user_pool
                0x00000000c0008aac                kernel_vaddr
                0x00000000c0008ac0                kernel_pool
 COMMON         0x00000000c0008aec       0x40 build/thread.o
                0x00000000c0008aec                thread_ready_list
                0x00000000c0008afc                thread_all_list
                0x00000000c0008b0c                main_thread
                0x00000000c0008b10                pid_lock
 *fill*         0x00000000c0008b2c       0x14 
 COMMON         0x00000000c0008b40       0x6c build/keyboard.o
                0x00000000c0008b40                kbd_buf
 *fill*         0x00000000c0008bac       0x14 
 COMMON         0x00000000c0008bc0       0x80 build/syscall-init.o
                0x00000000c0008bc0                syscall_table
                0x00000000c0008c40                . = ALIGN ((. != 0x0)?0x4:0x1)
                0x00000000c0008c40                . = ALIGN (0x4)
                0x00000000c0008c40                . = SEGMENT_START ("ldata-segment", .)
                0x00000000c0008c40                . = ALIGN (0x4)
                0x00000000c0008c40                _end = .
                [!provide]                        PROVIDE (end = .)
                0x00000000c0008c40                . = DATA_SEGMENT_END (.)

.stab
 *(.stab)

.stabstr
 *(.stabstr)

.stab.excl
 *(.stab.excl)

.stab.exclstr
 *(.stab.exclstr)

.stab.index
 *(.stab.index)

.stab.indexstr
 *(.stab.indexstr)

.comment        0x0000000000000000       0x23
 *(.comment)
 .comment       0x0000000000000000       0x23 build/main.o
                                         0x24 (size before relaxing)
 .comment       0x0000000000000023       0x24 build/init.o
 .comment       0x0000000000000023       0x24 build/interrupt.o
 .comment       0x0000000000000023       0x24 build/timer.o
 .comment       0x0000000000000023       0x24 build/debug.o
 .comment       0x0000000000000023       0x24 build/string.o
 .comment       0x0000000000000023       0x24 build/memory.o
 .comment       0x0000000000000023       0x24 build/bitmap.o
 .comment       0x0000000000000023       0x24 build/thread.o
 .comment       0x0000000000000023       0x24 build/list.o
 .comment       0x0000000000000023       0x24 build/sync.o
 .comment       0x0000000000000023       0x24 build/console.o
 .comment       0x0000000000000023       0x24 build/keyboard.o
 .comment       0x0000000000000023       0x24 build/ioqueue.o
 .comment       0x0000000000000023       0x24 build/tss.o
 .comment       0x0000000000000023       0x24 build/process.o
 .comment       0x0000000000000023       0x24 build/syscall-init.o
 .comment       0x0000000000000023       0x24 build/syscall.o

.debug
 *(.debug)

.line
 *(.line)

.debug_srcinfo
 *(.debug_srcinfo)

.debug_sfnames
 *(.debug_sfnames)

.debug_aranges
 *(.debug_aranges)

.debug_pubnames
 *(.debug_pubnames)

.debug_info
 *(.debug_info .gnu.linkonce.wi.*)

.debug_abbrev
 *(.debug_abbrev)

.debug_line
 *(.debug_line .debug_line.* .debug_line_end)

.debug_frame
 *(.debug_frame)

.debug_str
 *(.debug_str)

.debug_loc
 *(.debug_loc)

.debug_macinfo
 *(.debug_macinfo)

.debug_weaknames
 *(.debug_weaknames)

.debug_funcnames
 *(.debug_funcnames)

.debug_typenames
 *(.debug_typenames)

.debug_varnames
 *(.debug_varnames)

.debug_pubtypes
 *(.debug_pubtypes)

.debug_ranges
 *(.debug_ranges)

.debug_macro
 *(.debug_macro)

.debug_addr
 *(.debug_addr)

.gnu.attributes
 *(.gnu.attributes)

/DISCARD/
 *(.note.GNU-stack)
 *(.gnu_debuglink)
 *(.gnu.lto_*)
OUTPUT(build/kernel.bin elf32-i386)
